Archive member included to satisfy reference by file (symbol)

/Applications/ArmGNUToolchain/12.2.rel1/arm-none-eabi/bin/../lib/gcc/arm-none-eabi/12.2.1/thumb/v6-m/nofp/libgcc.a(_dvmd_tls.o)
                              CMakeFiles/Computer_HelloWorld.dir/Users/tom/pico/pico-sdk/src/rp2_common/pico_divider/divider.S.obj (__aeabi_idiv0)
/Applications/ArmGNUToolchain/12.2.rel1/arm-none-eabi/bin/../lib/gcc/arm-none-eabi/12.2.1/../../../../arm-none-eabi/lib/thumb/v6-m/nofp/libg.a(libc_a-calloc.o)
                              CMakeFiles/Computer_HelloWorld.dir/Users/tom/pico/pico-sdk/src/rp2_common/pico_malloc/pico_malloc.c.obj (calloc)
/Applications/ArmGNUToolchain/12.2.rel1/arm-none-eabi/bin/../lib/gcc/arm-none-eabi/12.2.1/../../../../arm-none-eabi/lib/thumb/v6-m/nofp/libg.a(libc_a-callocr.o)
                              /Applications/ArmGNUToolchain/12.2.rel1/arm-none-eabi/bin/../lib/gcc/arm-none-eabi/12.2.1/../../../../arm-none-eabi/lib/thumb/v6-m/nofp/libg.a(libc_a-calloc.o) (_calloc_r)
/Applications/ArmGNUToolchain/12.2.rel1/arm-none-eabi/bin/../lib/gcc/arm-none-eabi/12.2.1/../../../../arm-none-eabi/lib/thumb/v6-m/nofp/libg.a(libc_a-malloc.o)
                              CMakeFiles/Computer_HelloWorld.dir/Users/tom/pico/pico-sdk/src/rp2_common/pico_malloc/pico_malloc.c.obj (malloc)
/Applications/ArmGNUToolchain/12.2.rel1/arm-none-eabi/bin/../lib/gcc/arm-none-eabi/12.2.1/../../../../arm-none-eabi/lib/thumb/v6-m/nofp/libg.a(libc_a-mallocr.o)
                              /Applications/ArmGNUToolchain/12.2.rel1/arm-none-eabi/bin/../lib/gcc/arm-none-eabi/12.2.1/../../../../arm-none-eabi/lib/thumb/v6-m/nofp/libg.a(libc_a-callocr.o) (_malloc_r)
/Applications/ArmGNUToolchain/12.2.rel1/arm-none-eabi/bin/../lib/gcc/arm-none-eabi/12.2.1/../../../../arm-none-eabi/lib/thumb/v6-m/nofp/libg.a(libc_a-mlock.o)
                              /Applications/ArmGNUToolchain/12.2.rel1/arm-none-eabi/bin/../lib/gcc/arm-none-eabi/12.2.1/../../../../arm-none-eabi/lib/thumb/v6-m/nofp/libg.a(libc_a-mallocr.o) (__malloc_lock)
/Applications/ArmGNUToolchain/12.2.rel1/arm-none-eabi/bin/../lib/gcc/arm-none-eabi/12.2.1/../../../../arm-none-eabi/lib/thumb/v6-m/nofp/libg.a(libc_a-realloc.o)
                              CMakeFiles/Computer_HelloWorld.dir/Users/tom/pico/pico-sdk/src/rp2_common/pico_malloc/pico_malloc.c.obj (realloc)
/Applications/ArmGNUToolchain/12.2.rel1/arm-none-eabi/bin/../lib/gcc/arm-none-eabi/12.2.1/../../../../arm-none-eabi/lib/thumb/v6-m/nofp/libg.a(libc_a-reallocr.o)
                              /Applications/ArmGNUToolchain/12.2.rel1/arm-none-eabi/bin/../lib/gcc/arm-none-eabi/12.2.1/../../../../arm-none-eabi/lib/thumb/v6-m/nofp/libg.a(libc_a-realloc.o) (_realloc_r)
/Applications/ArmGNUToolchain/12.2.rel1/arm-none-eabi/bin/../lib/gcc/arm-none-eabi/12.2.1/../../../../arm-none-eabi/lib/thumb/v6-m/nofp/libg.a(libc_a-memmove.o)
                              /Applications/ArmGNUToolchain/12.2.rel1/arm-none-eabi/bin/../lib/gcc/arm-none-eabi/12.2.1/../../../../arm-none-eabi/lib/thumb/v6-m/nofp/libg.a(libc_a-reallocr.o) (memmove)
/Applications/ArmGNUToolchain/12.2.rel1/arm-none-eabi/bin/../lib/gcc/arm-none-eabi/12.2.1/../../../../arm-none-eabi/lib/thumb/v6-m/nofp/libg.a(libc_a-impure.o)
                              /Applications/ArmGNUToolchain/12.2.rel1/arm-none-eabi/bin/../lib/gcc/arm-none-eabi/12.2.1/../../../../arm-none-eabi/lib/thumb/v6-m/nofp/libg.a(libc_a-calloc.o) (_impure_ptr)
/Applications/ArmGNUToolchain/12.2.rel1/arm-none-eabi/bin/../lib/gcc/arm-none-eabi/12.2.1/../../../../arm-none-eabi/lib/thumb/v6-m/nofp/libg.a(libc_a-sbrkr.o)
                              /Applications/ArmGNUToolchain/12.2.rel1/arm-none-eabi/bin/../lib/gcc/arm-none-eabi/12.2.1/../../../../arm-none-eabi/lib/thumb/v6-m/nofp/libg.a(libc_a-mallocr.o) (_sbrk_r)
/Applications/ArmGNUToolchain/12.2.rel1/arm-none-eabi/bin/../lib/gcc/arm-none-eabi/12.2.1/../../../../arm-none-eabi/lib/thumb/v6-m/nofp/libg.a(libc_a-errno.o)
                              /Applications/ArmGNUToolchain/12.2.rel1/arm-none-eabi/bin/../lib/gcc/arm-none-eabi/12.2.1/../../../../arm-none-eabi/lib/thumb/v6-m/nofp/libg.a(libc_a-callocr.o) (__errno)
/Applications/ArmGNUToolchain/12.2.rel1/arm-none-eabi/bin/../lib/gcc/arm-none-eabi/12.2.1/../../../../arm-none-eabi/lib/thumb/v6-m/nofp/libg.a(libc_a-sysconf.o)
                              /Applications/ArmGNUToolchain/12.2.rel1/arm-none-eabi/bin/../lib/gcc/arm-none-eabi/12.2.1/../../../../arm-none-eabi/lib/thumb/v6-m/nofp/libg.a(libc_a-mallocr.o) (sysconf)
/Applications/ArmGNUToolchain/12.2.rel1/arm-none-eabi/bin/../lib/gcc/arm-none-eabi/12.2.1/../../../../arm-none-eabi/lib/thumb/v6-m/nofp/libg.a(libc_a-init.o)
                              /Applications/ArmGNUToolchain/12.2.rel1/arm-none-eabi/bin/../lib/gcc/arm-none-eabi/12.2.1/../../../../arm-none-eabi/lib/thumb/v6-m/nofp/crt0.o (__libc_init_array)
[...]
Memory Configuration

Name             Origin             Length             Attributes
FLASH            0x0000000010000000 0x0000000000200000 xr
RAM              0x0000000020000000 0x0000000000040000 xrw
SCRATCH_X        0x0000000020040000 0x0000000000001000 xrw
SCRATCH_Y        0x0000000020041000 0x0000000000001000 xrw
*default*        0x0000000000000000 0xffffffffffffffff

Linker script and memory map

LOAD /Applications/ArmGNUToolchain/12.2.rel1/arm-none-eabi/bin/../lib/gcc/arm-none-eabi/12.2.1/thumb/v6-m/nofp/crti.o
LOAD /Applications/ArmGNUToolchain/12.2.rel1/arm-none-eabi/bin/../lib/gcc/arm-none-eabi/12.2.1/thumb/v6-m/nofp/crtbegin.o
LOAD /Applications/ArmGNUToolchain/12.2.rel1/arm-none-eabi/bin/../lib/gcc/arm-none-eabi/12.2.1/../../../../arm-none-eabi/lib/thumb/v6-m/nofp/crt0.o

.flash_begin    0x0000000010000000        0x0
                0x0000000010000000                __flash_binary_start = .

.boot2          0x0000000010000000      0x100
                0x0000000010000000                __boot2_start__ = .
 *(.boot2)
 .boot2         0x0000000010000000      0x100 /var/folders/j3/4q7hksj53lnc8mq58zsf2hmc0000gp/T//ccOe9ui0.o
                0x0000000010000100                __boot2_end__ = .
                0x0000000000000001                ASSERT (((__boot2_end__ - __boot2_start__) == 0x100), ERROR: Pico second stage bootloader must be 256 bytes in size)

.text           0x0000000010000100     0x7540
                0x0000000010000100                __logical_binary_start = .
 *(.vectors)
 .vectors       0x0000000010000100       0xd4 CMakeFiles/Computer_HelloWorld.dir/Users/tom/pico/pico-sdk/src/rp2_common/pico_standard_link/crt0.S.obj
                0x0000000010000100                __VECTOR_TABLE
                0x0000000010000100                __vectors
                0x00000000100001c0                __default_isrs_start
                0x00000000100001c0                isr_invalid
                0x00000000100001c2                isr_nmi
                0x00000000100001c4                isr_hardfault
                0x00000000100001c6                isr_svcall
                0x00000000100001c8                isr_pendsv
                0x00000000100001ca                isr_systick
                0x00000000100001cc                isr_irq28
                0x00000000100001cc                isr_irq19
                0x00000000100001cc                isr_irq0
                0x00000000100001cc                isr_irq6
                0x00000000100001cc                isr_irq22
                0x00000000100001cc                isr_irq17
                0x00000000100001cc                isr_irq14
                0x00000000100001cc                isr_irq2
                0x00000000100001cc                isr_irq10
                0x00000000100001cc                isr_irq8
                0x00000000100001cc                isr_irq24
                0x00000000100001cc                isr_irq1
                0x00000000100001cc                isr_irq7
                0x00000000100001cc                isr_irq21
                0x00000000100001cc                isr_irq20
                0x00000000100001cc                isr_irq15
                0x00000000100001cc                isr_irq25
                0x00000000100001cc                isr_irq4
                0x00000000100001cc                isr_irq16
                0x00000000100001cc                isr_irq29
                0x00000000100001cc                isr_irq26
                0x00000000100001cc                __default_isrs_end
                0x00000000100001cc                isr_irq3
                0x00000000100001cc                isr_irq9
                0x00000000100001cc                __unhandled_user_irq
                0x00000000100001cc                isr_irq13
                0x00000000100001cc                isr_irq27
                0x00000000100001cc                isr_irq31
                0x00000000100001cc                isr_irq5
                0x00000000100001cc                isr_irq11
                0x00000000100001cc                isr_irq23
                0x00000000100001cc                isr_irq18
                0x00000000100001cc                isr_irq30
                0x00000000100001cc                isr_irq12
                0x00000000100001d2                unhandled_user_irq_num_in_r0
 *(.binary_info_header)
 .binary_info_header
                0x00000000100001d4       0x14 CMakeFiles/Computer_HelloWorld.dir/Users/tom/pico/pico-sdk/src/rp2_common/pico_standard_link/crt0.S.obj
                0x00000000100001e8                __binary_info_header_end = .
 *(.reset)
 .reset         0x00000000100001e8       0xa0 CMakeFiles/Computer_HelloWorld.dir/Users/tom/pico/pico-sdk/src/rp2_common/pico_standard_link/crt0.S.obj
                0x00000000100001e8                _entry_point
 .reset         0x0000000010000288       0x30 CMakeFiles/Computer_HelloWorld.dir/Users/tom/pico/pico-sdk/src/rp2_common/pico_standard_link/binary_info.c.obj
 *(.init)
 .init          0x00000000100002b8        0x4 /Applications/ArmGNUToolchain/12.2.rel1/arm-none-eabi/bin/../lib/gcc/arm-none-eabi/12.2.1/thumb/v6-m/nofp/crti.o
                0x00000000100002b8                _init
 *(EXCLUDE_FILE(*libm.a: *libc.a:*lib_a-mem*.o *libgcc.a:) .text*)
 .text.register_tm_clones
                0x00000000100002bc       0x28 /Applications/ArmGNUToolchain/12.2.rel1/arm-none-eabi/bin/../lib/gcc/arm-none-eabi/12.2.1/thumb/v6-m/nofp/crtbegin.o
 .text.frame_dummy
                0x00000000100002e4       0x24 /Applications/ArmGNUToolchain/12.2.rel1/arm-none-eabi/bin/../lib/gcc/arm-none-eabi/12.2.1/thumb/v6-m/nofp/crtbegin.o
 .text.pwm_set_chan_level
                0x0000000010000308       0x40 CMakeFiles/Computer_HelloWorld.dir/Computer_HelloWorld.c.obj
 .text.analog_timer_callback
                0x0000000010000348       0x60 CMakeFiles/Computer_HelloWorld.dir/Computer_HelloWorld.c.obj
                0x0000000010000348                analog_timer_callback
 .text.pulse_callback
                0x00000000100003a8       0x64 CMakeFiles/Computer_HelloWorld.dir/Computer_HelloWorld.c.obj
                0x00000000100003a8                pulse_callback
 .text.adc_gpio_init
                0x000000001000040c       0x1e CMakeFiles/Computer_HelloWorld.dir/Computer_HelloWorld.c.obj
 .text.add_repeating_timer_ms
                0x000000001000042a       0x3c CMakeFiles/Computer_HelloWorld.dir/Computer_HelloWorld.c.obj
 *fill*         0x0000000010000466        0x2 
 .text.dacWrite
                0x0000000010000468       0x34 CMakeFiles/Computer_HelloWorld.dir/Computer_HelloWorld.c.obj
                0x0000000010000468                dacWrite
 .text.lcg_rand
                0x000000001000049c       0x24 CMakeFiles/Computer_HelloWorld.dir/Computer_HelloWorld.c.obj
                0x000000001000049c                lcg_rand
 .text.led_timer_callback
                0x00000000100004c0       0x70 CMakeFiles/Computer_HelloWorld.dir/Computer_HelloWorld.c.obj
                0x00000000100004c0                led_timer_callback
 .text.muxUpdate
                0x0000000010000530       0x36 CMakeFiles/Computer_HelloWorld.dir/Computer_HelloWorld.c.obj
                0x0000000010000530                muxUpdate
 *fill*         0x0000000010000566        0x2 
 .text.muxRead  0x0000000010000568      0x174 CMakeFiles/Computer_HelloWorld.dir/Computer_HelloWorld.c.obj
                0x0000000010000568                muxRead
 .text.print_unique_id
                0x00000000100006dc       0x34 CMakeFiles/Computer_HelloWorld.dir/Computer_HelloWorld.c.obj
                0x00000000100006dc                print_unique_id
 .text.main     0x0000000010000710      0x268 CMakeFiles/Computer_HelloWorld.dir/Computer_HelloWorld.c.obj
                0x0000000010000710                main
 .text.gpio_set_function
                0x0000000010000978       0x30 CMakeFiles/Computer_HelloWorld.dir/Users/tom/pico/pico-sdk/src/rp2_common/hardware_gpio/gpio.c.obj
                0x0000000010000978                gpio_set_function
 .text.gpio_set_pulls
                0x00000000100009a8       0x34 CMakeFiles/Computer_HelloWorld.dir/Users/tom/pico/pico-sdk/src/rp2_common/hardware_gpio/gpio.c.obj
                0x00000000100009a8                gpio_set_pulls
 .text.gpio_set_irq_callback
                0x00000000100009dc       0x48 CMakeFiles/Computer_HelloWorld.dir/Users/tom/pico/pico-sdk/src/rp2_common/hardware_gpio/gpio.c.obj
                0x00000000100009dc                gpio_set_irq_callback
 .text.gpio_acknowledge_irq
                0x0000000010000a24       0x18 CMakeFiles/Computer_HelloWorld.dir/Users/tom/pico/pico-sdk/src/rp2_common/hardware_gpio/gpio.c.obj
                0x0000000010000a24                gpio_acknowledge_irq
 .text._gpio_set_irq_enabled
                0x0000000010000a3c       0x34 CMakeFiles/Computer_HelloWorld.dir/Users/tom/pico/pico-sdk/src/rp2_common/hardware_gpio/gpio.c.obj
 .text.gpio_set_irq_enabled
                0x0000000010000a70       0x20 CMakeFiles/Computer_HelloWorld.dir/Users/tom/pico/pico-sdk/src/rp2_common/hardware_gpio/gpio.c.obj
                0x0000000010000a70                gpio_set_irq_enabled
 .text.gpio_set_irq_enabled_with_callback
                0x0000000010000a90       0x20 CMakeFiles/Computer_HelloWorld.dir/Users/tom/pico/pico-sdk/src/rp2_common/hardware_gpio/gpio.c.obj
                0x0000000010000a90                gpio_set_irq_enabled_with_callback
 .text.gpio_default_irq_handler
                0x0000000010000ab0       0x98 CMakeFiles/Computer_HelloWorld.dir/Users/tom/pico/pico-sdk/src/rp2_common/hardware_gpio/gpio.c.obj
 .text.gpio_set_input_enabled
                0x0000000010000b48       0x30 CMakeFiles/Computer_HelloWorld.dir/Users/tom/pico/pico-sdk/src/rp2_common/hardware_gpio/gpio.c.obj
                0x0000000010000b48                gpio_set_input_enabled
 .text.gpio_init
                0x0000000010000b78       0x16 CMakeFiles/Computer_HelloWorld.dir/Users/tom/pico/pico-sdk/src/rp2_common/hardware_gpio/gpio.c.obj
                0x0000000010000b78                gpio_init
 *fill*         0x0000000010000b8e        0x2 
 .text.running_on_fpga
                0x0000000010000b90       0x14 CMakeFiles/Computer_HelloWorld.dir/Users/tom/pico/pico-sdk/src/rp2_common/pico_platform/platform.c.obj
                0x0000000010000b90                running_on_fpga
 .text.hw_claim_lock
                0x0000000010000ba4       0x18 CMakeFiles/Computer_HelloWorld.dir/Users/tom/pico/pico-sdk/src/rp2_common/hardware_claim/claim.c.obj
                0x0000000010000ba4                hw_claim_lock
 .text.hw_claim_unlock
                0x0000000010000bbc       0x14 CMakeFiles/Computer_HelloWorld.dir/Users/tom/pico/pico-sdk/src/rp2_common/hardware_claim/claim.c.obj
                0x0000000010000bbc                hw_claim_unlock
 .text.hw_claim_or_assert
                0x0000000010000bd0       0x32 CMakeFiles/Computer_HelloWorld.dir/Users/tom/pico/pico-sdk/src/rp2_common/hardware_claim/claim.c.obj
                0x0000000010000bd0                hw_claim_or_assert
 .text.hw_claim_unused_from_range
                0x0000000010000c02       0x50 CMakeFiles/Computer_HelloWorld.dir/Users/tom/pico/pico-sdk/src/rp2_common/hardware_claim/claim.c.obj
                0x0000000010000c02                hw_claim_unused_from_range
 *fill*         0x0000000010000c52        0x2 
 .text.spin_locks_reset
                0x0000000010000c54       0x20 CMakeFiles/Computer_HelloWorld.dir/Users/tom/pico/pico-sdk/src/rp2_common/hardware_sync/sync.c.obj
                0x0000000010000c54                spin_locks_reset
 .text.next_striped_spin_lock_num
                0x0000000010000c74       0x1c CMakeFiles/Computer_HelloWorld.dir/Users/tom/pico/pico-sdk/src/rp2_common/hardware_sync/sync.c.obj
                0x0000000010000c74                next_striped_spin_lock_num
 .text.spin_lock_claim_unused
                0x0000000010000c90       0x24 CMakeFiles/Computer_HelloWorld.dir/Users/tom/pico/pico-sdk/src/rp2_common/hardware_sync/sync.c.obj
                0x0000000010000c90                spin_lock_claim_unused
 .text.set_raw_irq_handler_and_unlock
                0x0000000010000cb4       0x28 CMakeFiles/Computer_HelloWorld.dir/Users/tom/pico/pico-sdk/src/rp2_common/hardware_irq/irq.c.obj
 .text.resolve_branch
                0x0000000010000cdc       0x30 CMakeFiles/Computer_HelloWorld.dir/Users/tom/pico/pico-sdk/src/rp2_common/hardware_irq/irq.c.obj
 .text.make_branch
                0x0000000010000d0c       0x48 CMakeFiles/Computer_HelloWorld.dir/Users/tom/pico/pico-sdk/src/rp2_common/hardware_irq/irq.c.obj
 .text.insert_branch_and_link
                0x0000000010000d54       0x40 CMakeFiles/Computer_HelloWorld.dir/Users/tom/pico/pico-sdk/src/rp2_common/hardware_irq/irq.c.obj
 .text.irq_is_enabled
                0x0000000010000d94       0x18 CMakeFiles/Computer_HelloWorld.dir/Users/tom/pico/pico-sdk/src/rp2_common/hardware_irq/irq.c.obj
                0x0000000010000d94                irq_is_enabled
 .text.irq_set_mask_enabled
                0x0000000010000dac       0x20 CMakeFiles/Computer_HelloWorld.dir/Users/tom/pico/pico-sdk/src/rp2_common/hardware_irq/irq.c.obj
                0x0000000010000dac                irq_set_mask_enabled
 .text.irq_set_enabled
                0x0000000010000dcc        0xe CMakeFiles/Computer_HelloWorld.dir/Users/tom/pico/pico-sdk/src/rp2_common/hardware_irq/irq.c.obj
                0x0000000010000dcc                irq_set_enabled
 *fill*         0x0000000010000dda        0x2 
 .text.irq_set_pending
                0x0000000010000ddc       0x10 CMakeFiles/Computer_HelloWorld.dir/Users/tom/pico/pico-sdk/src/rp2_common/hardware_irq/irq.c.obj
                0x0000000010000ddc                irq_set_pending
 .text.irq_get_vtable_handler
                0x0000000010000dec       0x10 CMakeFiles/Computer_HelloWorld.dir/Users/tom/pico/pico-sdk/src/rp2_common/hardware_irq/irq.c.obj
                0x0000000010000dec                irq_get_vtable_handler
 .text.irq_has_shared_handler
                0x0000000010000dfc       0x24 CMakeFiles/Computer_HelloWorld.dir/Users/tom/pico/pico-sdk/src/rp2_common/hardware_irq/irq.c.obj
                0x0000000010000dfc                irq_has_shared_handler
 .text.irq_set_exclusive_handler
                0x0000000010000e20       0x54 CMakeFiles/Computer_HelloWorld.dir/Users/tom/pico/pico-sdk/src/rp2_common/hardware_irq/irq.c.obj
                0x0000000010000e20                irq_set_exclusive_handler
 .text.irq_add_shared_handler
                0x0000000010000e74      0x210 CMakeFiles/Computer_HelloWorld.dir/Users/tom/pico/pico-sdk/src/rp2_common/hardware_irq/irq.c.obj
                0x0000000010000e74                irq_add_shared_handler
 .text.irq_remove_handler
                0x0000000010001084      0x188 CMakeFiles/Computer_HelloWorld.dir/Users/tom/pico/pico-sdk/src/rp2_common/hardware_irq/irq.c.obj
                0x0000000010001084                irq_remove_handler
 .text.irq_add_tail_to_free_list
                0x000000001000120c       0xf0 CMakeFiles/Computer_HelloWorld.dir/Users/tom/pico/pico-sdk/src/rp2_common/hardware_irq/irq.c.obj
                0x000000001000120c                irq_add_tail_to_free_list
 .text.irq_init_priorities
                0x00000000100012fc       0x1c CMakeFiles/Computer_HelloWorld.dir/Users/tom/pico/pico-sdk/src/rp2_common/hardware_irq/irq.c.obj
                0x00000000100012fc                irq_init_priorities
 .text.user_irq_claim_unused
                0x0000000010001318       0x2c CMakeFiles/Computer_HelloWorld.dir/Users/tom/pico/pico-sdk/src/rp2_common/hardware_irq/irq.c.obj
                0x0000000010001318                user_irq_claim_unused
 .text.lock_init
                0x0000000010001344       0x10 CMakeFiles/Computer_HelloWorld.dir/Users/tom/pico/pico-sdk/src/common/pico_sync/lock_core.c.obj
                0x0000000010001344                lock_init
 .text.update_us_since_boot
                0x0000000010001354       0x24 CMakeFiles/Computer_HelloWorld.dir/Users/tom/pico/pico-sdk/src/common/pico_sync/mutex.c.obj
 .text.delayed_by_ms
                0x0000000010001378       0x44 CMakeFiles/Computer_HelloWorld.dir/Users/tom/pico/pico-sdk/src/common/pico_sync/mutex.c.obj
 .text.get_absolute_time
                0x00000000100013bc       0x22 CMakeFiles/Computer_HelloWorld.dir/Users/tom/pico/pico-sdk/src/common/pico_sync/mutex.c.obj
 .text.make_timeout_time_ms
                0x00000000100013de       0x20 CMakeFiles/Computer_HelloWorld.dir/Users/tom/pico/pico-sdk/src/common/pico_sync/mutex.c.obj
 .text.mutex_init
                0x00000000100013fe       0x1a CMakeFiles/Computer_HelloWorld.dir/Users/tom/pico/pico-sdk/src/common/pico_sync/mutex.c.obj
                0x00000000100013fe                mutex_init
 .text.recursive_mutex_init
                0x0000000010001418       0x1e CMakeFiles/Computer_HelloWorld.dir/Users/tom/pico/pico-sdk/src/common/pico_sync/mutex.c.obj
                0x0000000010001418                recursive_mutex_init
 *fill*         0x0000000010001436        0x2 
 .text.critical_section_init_with_lock_num
                0x0000000010001438       0x14 CMakeFiles/Computer_HelloWorld.dir/Users/tom/pico/pico-sdk/src/common/pico_sync/critical_section.c.obj
                0x0000000010001438                critical_section_init_with_lock_num
 .text.critical_section_init
                0x000000001000144c       0x14 CMakeFiles/Computer_HelloWorld.dir/Users/tom/pico/pico-sdk/src/common/pico_sync/critical_section.c.obj
                0x000000001000144c                critical_section_init
 .text.time_reached
                0x0000000010001460       0x28 CMakeFiles/Computer_HelloWorld.dir/Users/tom/pico/pico-sdk/src/common/pico_time/time.c.obj
 .text.get_entry
                0x0000000010001488       0x38 CMakeFiles/Computer_HelloWorld.dir/Users/tom/pico/pico-sdk/src/common/pico_time/time.c.obj
 .text.timer_pool_entry_comparator
                0x00000000100014c0       0x2e CMakeFiles/Computer_HelloWorld.dir/Users/tom/pico/pico-sdk/src/common/pico_time/time.c.obj
                0x00000000100014c0                timer_pool_entry_comparator
 *fill*         0x00000000100014ee        0x2 
 .text.update_us_since_boot
                0x00000000100014f0       0x24 CMakeFiles/Computer_HelloWorld.dir/Users/tom/pico/pico-sdk/src/common/pico_time/time.c.obj
 .text.delayed_by_us
                0x0000000010001514       0x34 CMakeFiles/Computer_HelloWorld.dir/Users/tom/pico/pico-sdk/src/common/pico_time/time.c.obj
 .text.ph_get_node
                0x0000000010001548       0x30 CMakeFiles/Computer_HelloWorld.dir/Users/tom/pico/pico-sdk/src/common/pico_time/time.c.obj
 .text.ph_contains_node
                0x0000000010001578       0x1e CMakeFiles/Computer_HelloWorld.dir/Users/tom/pico/pico-sdk/src/common/pico_time/time.c.obj
 .text.ph_new_node
                0x0000000010001596       0x28 CMakeFiles/Computer_HelloWorld.dir/Users/tom/pico/pico-sdk/src/common/pico_time/time.c.obj
 *fill*         0x00000000100015be        0x2 
 .text.ph_add_child_node
                0x00000000100015c0       0x6c CMakeFiles/Computer_HelloWorld.dir/Users/tom/pico/pico-sdk/src/common/pico_time/time.c.obj
 .text.ph_merge_nodes
                0x000000001000162c       0x3e CMakeFiles/Computer_HelloWorld.dir/Users/tom/pico/pico-sdk/src/common/pico_time/time.c.obj
 *fill*         0x000000001000166a        0x2 
 .text.ph_insert_node
                0x000000001000166c       0x3c CMakeFiles/Computer_HelloWorld.dir/Users/tom/pico/pico-sdk/src/common/pico_time/time.c.obj
 .text.ph_free_node
                0x00000000100016a8       0x5c CMakeFiles/Computer_HelloWorld.dir/Users/tom/pico/pico-sdk/src/common/pico_time/time.c.obj
 .text.get_entry_id_high
                0x0000000010001704       0x30 CMakeFiles/Computer_HelloWorld.dir/Users/tom/pico/pico-sdk/src/common/pico_time/time.c.obj
 .text.repeating_timer_callback
                0x0000000010001734       0x40 CMakeFiles/Computer_HelloWorld.dir/Users/tom/pico/pico-sdk/src/common/pico_time/time.c.obj
 .text.alarm_pool_post_alloc_init
                0x0000000010001774       0x40 CMakeFiles/Computer_HelloWorld.dir/Users/tom/pico/pico-sdk/src/common/pico_time/time.c.obj
 .text.sleep_until_callback
                0x00000000100017b4       0x30 CMakeFiles/Computer_HelloWorld.dir/Users/tom/pico/pico-sdk/src/common/pico_time/time.c.obj
 .text.get_absolute_time
                0x00000000100017e4       0x22 CMakeFiles/Computer_HelloWorld.dir/Users/tom/pico/pico-sdk/src/common/pico_time/time.c.obj
 .text.make_timeout_time_us
                0x0000000010001806       0x24 CMakeFiles/Computer_HelloWorld.dir/Users/tom/pico/pico-sdk/src/common/pico_time/time.c.obj
 *fill*         0x000000001000182a        0x2 
 .text.add_alarm_under_lock
                0x000000001000182c       0x94 CMakeFiles/Computer_HelloWorld.dir/Users/tom/pico/pico-sdk/src/common/pico_time/time.c.obj
 .text.alarm_pool_alarm_callback
                0x00000000100018c0      0x20c CMakeFiles/Computer_HelloWorld.dir/Users/tom/pico/pico-sdk/src/common/pico_time/time.c.obj
 .text.alarm_pool_init_default
                0x0000000010001acc       0x40 CMakeFiles/Computer_HelloWorld.dir/Users/tom/pico/pico-sdk/src/common/pico_time/time.c.obj
                0x0000000010001acc                alarm_pool_init_default
 .text.alarm_pool_get_default
                0x0000000010001b0c       0x2c CMakeFiles/Computer_HelloWorld.dir/Users/tom/pico/pico-sdk/src/common/pico_time/time.c.obj
                0x0000000010001b0c                alarm_pool_get_default
 .text.alarm_pool_add_alarm_at
                0x0000000010001b38      0x10e CMakeFiles/Computer_HelloWorld.dir/Users/tom/pico/pico-sdk/src/common/pico_time/time.c.obj
                0x0000000010001b38                alarm_pool_add_alarm_at
 .text.add_alarm_at
                0x0000000010001c46       0x2e CMakeFiles/Computer_HelloWorld.dir/Users/tom/pico/pico-sdk/src/common/pico_time/time.c.obj
 .text.alarm_pool_cancel_alarm
                0x0000000010001c74       0xa0 CMakeFiles/Computer_HelloWorld.dir/Users/tom/pico/pico-sdk/src/common/pico_time/time.c.obj
                0x0000000010001c74                alarm_pool_cancel_alarm
 .text.cancel_alarm
                0x0000000010001d14       0x10 CMakeFiles/Computer_HelloWorld.dir/Users/tom/pico/pico-sdk/src/common/pico_time/time.c.obj
 .text.alarm_pool_core_num
                0x0000000010001d24        0x4 CMakeFiles/Computer_HelloWorld.dir/Users/tom/pico/pico-sdk/src/common/pico_time/time.c.obj
                0x0000000010001d24                alarm_pool_core_num
 .text.alarm_pool_add_repeating_timer_us
                0x0000000010001d28       0x5c CMakeFiles/Computer_HelloWorld.dir/Users/tom/pico/pico-sdk/src/common/pico_time/time.c.obj
                0x0000000010001d28                alarm_pool_add_repeating_timer_us
 .text.sleep_until
                0x0000000010001d84       0xb0 CMakeFiles/Computer_HelloWorld.dir/Users/tom/pico/pico-sdk/src/common/pico_time/time.c.obj
                0x0000000010001d84                sleep_until
 .text.sleep_us
                0x0000000010001e34       0x1a CMakeFiles/Computer_HelloWorld.dir/Users/tom/pico/pico-sdk/src/common/pico_time/time.c.obj
                0x0000000010001e34                sleep_us
 .text.sleep_ms
                0x0000000010001e4e       0x14 CMakeFiles/Computer_HelloWorld.dir/Users/tom/pico/pico-sdk/src/common/pico_time/time.c.obj
                0x0000000010001e4e                sleep_ms
 *fill*         0x0000000010001e62        0x2 
 .text.best_effort_wfe_or_timeout
                0x0000000010001e64       0x44 CMakeFiles/Computer_HelloWorld.dir/Users/tom/pico/pico-sdk/src/common/pico_time/time.c.obj
                0x0000000010001e64                best_effort_wfe_or_timeout
 .text.hardware_alarm_irq_handler
                0x0000000010001ea8       0x8c CMakeFiles/Computer_HelloWorld.dir/Users/tom/pico/pico-sdk/src/rp2_common/hardware_timer/timer.c.obj
 .text.hardware_alarm_claim
                0x0000000010001f34       0x18 CMakeFiles/Computer_HelloWorld.dir/Users/tom/pico/pico-sdk/src/rp2_common/hardware_timer/timer.c.obj
                0x0000000010001f34                hardware_alarm_claim
 .text.time_us_64
                0x0000000010001f4c       0x18 CMakeFiles/Computer_HelloWorld.dir/Users/tom/pico/pico-sdk/src/rp2_common/hardware_timer/timer.c.obj
                0x0000000010001f4c                time_us_64
 .text.busy_wait_until
                0x0000000010001f64       0x28 CMakeFiles/Computer_HelloWorld.dir/Users/tom/pico/pico-sdk/src/rp2_common/hardware_timer/timer.c.obj
                0x0000000010001f64                busy_wait_until
 .text.hardware_alarm_set_callback
                0x0000000010001f8c       0x90 CMakeFiles/Computer_HelloWorld.dir/Users/tom/pico/pico-sdk/src/rp2_common/hardware_timer/timer.c.obj
                0x0000000010001f8c                hardware_alarm_set_callback
 .text.hardware_alarm_set_target
                0x000000001000201c       0xe8 CMakeFiles/Computer_HelloWorld.dir/Users/tom/pico/pico-sdk/src/rp2_common/hardware_timer/timer.c.obj
                0x000000001000201c                hardware_alarm_set_target
 .text.hardware_alarm_cancel
                0x0000000010002104       0x40 CMakeFiles/Computer_HelloWorld.dir/Users/tom/pico/pico-sdk/src/rp2_common/hardware_timer/timer.c.obj
                0x0000000010002104                hardware_alarm_cancel
 .text.ph_get_node
                0x0000000010002144       0x30 CMakeFiles/Computer_HelloWorld.dir/Users/tom/pico/pico-sdk/src/common/pico_util/pheap.c.obj
 .text.ph_add_child_node
                0x0000000010002174       0x6c CMakeFiles/Computer_HelloWorld.dir/Users/tom/pico/pico-sdk/src/common/pico_util/pheap.c.obj
 .text.ph_merge_nodes
                0x00000000100021e0       0x3e CMakeFiles/Computer_HelloWorld.dir/Users/tom/pico/pico-sdk/src/common/pico_util/pheap.c.obj
 .text.ph_clear
                0x000000001000221e       0x34 CMakeFiles/Computer_HelloWorld.dir/Users/tom/pico/pico-sdk/src/common/pico_util/pheap.c.obj
                0x000000001000221e                ph_clear
 .text.ph_post_alloc_init
                0x0000000010002252        0xe CMakeFiles/Computer_HelloWorld.dir/Users/tom/pico/pico-sdk/src/common/pico_util/pheap.c.obj
                0x0000000010002252                ph_post_alloc_init
 .text.ph_merge_two_pass
                0x0000000010002260       0x5c CMakeFiles/Computer_HelloWorld.dir/Users/tom/pico/pico-sdk/src/common/pico_util/pheap.c.obj
                0x0000000010002260                ph_merge_two_pass
 .text.ph_remove_any_head
                0x00000000100022bc       0xc0 CMakeFiles/Computer_HelloWorld.dir/Users/tom/pico/pico-sdk/src/common/pico_util/pheap.c.obj
 .text.ph_remove_head
                0x000000001000237c       0x14 CMakeFiles/Computer_HelloWorld.dir/Users/tom/pico/pico-sdk/src/common/pico_util/pheap.c.obj
                0x000000001000237c                ph_remove_head
 .text.ph_remove_and_free_node
                0x0000000010002390       0xa0 CMakeFiles/Computer_HelloWorld.dir/Users/tom/pico/pico-sdk/src/common/pico_util/pheap.c.obj
                0x0000000010002390                ph_remove_and_free_node
 .text.clock_configure
                0x0000000010002430      0x104 CMakeFiles/Computer_HelloWorld.dir/Users/tom/pico/pico-sdk/src/rp2_common/hardware_clocks/clocks.c.obj
                0x0000000010002430                clock_configure
 .text.clocks_init
                0x0000000010002534      0x100 CMakeFiles/Computer_HelloWorld.dir/Users/tom/pico/pico-sdk/src/rp2_common/hardware_clocks/clocks.c.obj
                0x0000000010002534                clocks_init
 .text.clock_get_hz
                0x0000000010002634        0xc CMakeFiles/Computer_HelloWorld.dir/Users/tom/pico/pico-sdk/src/rp2_common/hardware_clocks/clocks.c.obj
                0x0000000010002634                clock_get_hz
 .text.pll_init
                0x0000000010002640      0x12c CMakeFiles/Computer_HelloWorld.dir/Users/tom/pico/pico-sdk/src/rp2_common/hardware_pll/pll.c.obj
                0x0000000010002640                pll_init
 .text.watchdog_start_tick
                0x000000001000276c       0x10 CMakeFiles/Computer_HelloWorld.dir/Users/tom/pico/pico-sdk/src/rp2_common/hardware_watchdog/watchdog.c.obj
                0x000000001000276c                watchdog_start_tick
 .text.watchdog_update
                0x000000001000277c       0x14 CMakeFiles/Computer_HelloWorld.dir/Users/tom/pico/pico-sdk/src/rp2_common/hardware_watchdog/watchdog.c.obj
                0x000000001000277c                watchdog_update
 .text._watchdog_enable
                0x0000000010002790       0x78 CMakeFiles/Computer_HelloWorld.dir/Users/tom/pico/pico-sdk/src/rp2_common/hardware_watchdog/watchdog.c.obj
                0x0000000010002790                _watchdog_enable
 .text.watchdog_reboot
                0x0000000010002808       0x48 CMakeFiles/Computer_HelloWorld.dir/Users/tom/pico/pico-sdk/src/rp2_common/hardware_watchdog/watchdog.c.obj
                0x0000000010002808                watchdog_reboot
 .text.xosc_init
                0x0000000010002850       0x28 CMakeFiles/Computer_HelloWorld.dir/Users/tom/pico/pico-sdk/src/rp2_common/hardware_xosc/xosc.c.obj
                0x0000000010002850                xosc_init
 .text._exit    0x0000000010002878        0x4 CMakeFiles/Computer_HelloWorld.dir/Users/tom/pico/pico-sdk/src/rp2_common/pico_runtime/runtime.c.obj
                0x0000000010002878                _exit
 .text.exit     0x000000001000287c        0x6 CMakeFiles/Computer_HelloWorld.dir/Users/tom/pico/pico-sdk/src/rp2_common/pico_runtime/runtime.c.obj
                0x000000001000287c                exit
 *fill*         0x0000000010002882        0x2 
 .text.__assert_func
                0x0000000010002884       0x38 CMakeFiles/Computer_HelloWorld.dir/Users/tom/pico/pico-sdk/src/rp2_common/pico_runtime/runtime.c.obj
                0x0000000010002884                __assert_func
 .text.runtime_init
                0x00000000100028bc       0xf8 CMakeFiles/Computer_HelloWorld.dir/Users/tom/pico/pico-sdk/src/rp2_common/pico_runtime/runtime.c.obj
                0x00000000100028bc                runtime_init
 .text.panic    0x00000000100029b4       0x30 CMakeFiles/Computer_HelloWorld.dir/Users/tom/pico/pico-sdk/src/rp2_common/pico_runtime/runtime.c.obj
                0x00000000100029b4                panic
 .text._out_null
                0x00000000100029e4        0x2 CMakeFiles/Computer_HelloWorld.dir/Users/tom/pico/pico-sdk/src/rp2_common/pico_printf/printf.c.obj
 .text._out_fct
                0x00000000100029e6        0xe CMakeFiles/Computer_HelloWorld.dir/Users/tom/pico/pico-sdk/src/rp2_common/pico_printf/printf.c.obj
 .text._atoi    0x00000000100029f4       0x24 CMakeFiles/Computer_HelloWorld.dir/Users/tom/pico/pico-sdk/src/rp2_common/pico_printf/printf.c.obj
 .text._out_rev
                0x0000000010002a18       0xae CMakeFiles/Computer_HelloWorld.dir/Users/tom/pico/pico-sdk/src/rp2_common/pico_printf/printf.c.obj
 .text._ntoa_format
                0x0000000010002ac6      0x110 CMakeFiles/Computer_HelloWorld.dir/Users/tom/pico/pico-sdk/src/rp2_common/pico_printf/printf.c.obj
 .text._ntoa_long
                0x0000000010002bd6       0xbc CMakeFiles/Computer_HelloWorld.dir/Users/tom/pico/pico-sdk/src/rp2_common/pico_printf/printf.c.obj
 .text._ntoa_long_long
                0x0000000010002c92      0x10e CMakeFiles/Computer_HelloWorld.dir/Users/tom/pico/pico-sdk/src/rp2_common/pico_printf/printf.c.obj
 .text._etoa    0x0000000010002da0      0x420 CMakeFiles/Computer_HelloWorld.dir/Users/tom/pico/pico-sdk/src/rp2_common/pico_printf/printf.c.obj
 .text._ftoa    0x00000000100031c0      0x354 CMakeFiles/Computer_HelloWorld.dir/Users/tom/pico/pico-sdk/src/rp2_common/pico_printf/printf.c.obj
 .text._vsnprintf
                0x0000000010003514      0x65c CMakeFiles/Computer_HelloWorld.dir/Users/tom/pico/pico-sdk/src/rp2_common/pico_printf/printf.c.obj
 .text.vfctprintf
                0x0000000010003b70       0x20 CMakeFiles/Computer_HelloWorld.dir/Users/tom/pico/pico-sdk/src/rp2_common/pico_printf/printf.c.obj
                0x0000000010003b70                vfctprintf
 .text          0x0000000010003b90       0x10 CMakeFiles/Computer_HelloWorld.dir/Users/tom/pico/pico-sdk/src/rp2_common/pico_bit_ops/bit_ops_aeabi.S.obj
 .text.rom_func_lookup
                0x0000000010003ba0       0x10 CMakeFiles/Computer_HelloWorld.dir/Users/tom/pico/pico-sdk/src/rp2_common/pico_bootrom/bootrom.c.obj
                0x0000000010003ba0                rom_func_lookup
 .text.rom_data_lookup
                0x0000000010003bb0       0x10 CMakeFiles/Computer_HelloWorld.dir/Users/tom/pico/pico-sdk/src/rp2_common/pico_bootrom/bootrom.c.obj
                0x0000000010003bb0                rom_data_lookup
 .text.rom_funcs_lookup
                0x0000000010003bc0       0x36 CMakeFiles/Computer_HelloWorld.dir/Users/tom/pico/pico-sdk/src/rp2_common/pico_bootrom/bootrom.c.obj
                0x0000000010003bc0                rom_funcs_lookup
 *fill*         0x0000000010003bf6        0x2 
 .text.__wrap___aeabi_idiv
                0x0000000010003bf8       0x50 CMakeFiles/Computer_HelloWorld.dir/Users/tom/pico/pico-sdk/src/rp2_common/pico_divider/divider.S.obj
                0x0000000010003bf8                __wrap___aeabi_idivmod
                0x0000000010003bf8                divmod_s32s32
                0x0000000010003bf8                div_s32s32
                0x0000000010003bf8                __wrap___aeabi_idiv
                0x0000000010003c00                divmod_s32s32_unsafe
                0x0000000010003c2c                divmod_s32s32_savestate
 .text.__wrap___aeabi_uidiv
                0x0000000010003c48       0x4c CMakeFiles/Computer_HelloWorld.dir/Users/tom/pico/pico-sdk/src/rp2_common/pico_divider/divider.S.obj
                0x0000000010003c48                __wrap___aeabi_uidiv
                0x0000000010003c48                __wrap___aeabi_uidivmod
                0x0000000010003c48                div_u32u32
                0x0000000010003c48                divmod_u32u32
                0x0000000010003c50                divmod_u32u32_unsafe
                0x0000000010003c78                divmod_u32u32_savestate
 .text.__wrap___aeabi_ldiv
                0x0000000010003c94      0x424 CMakeFiles/Computer_HelloWorld.dir/Users/tom/pico/pico-sdk/src/rp2_common/pico_divider/divider.S.obj
                0x0000000010003c94                __wrap___aeabi_ldivmod
                0x0000000010003c94                div_s64s64
                0x0000000010003c94                divmod_s64s64
                0x0000000010003cc4                divmod_u64u64
                0x0000000010003cc4                div_u64u64
                0x0000000010003cc4                __wrap___aeabi_uldivmod
                0x0000000010003cd4                divmod_u64u64_savestate
                0x0000000010003cf4                divmod_s64s64_unsafe
                0x0000000010003d7c                divmod_u64u64_unsafe
 .text.__wrap___aeabi_darithmetic
                0x00000000100040b8       0x80 CMakeFiles/Computer_HelloWorld.dir/Users/tom/pico/pico-sdk/src/rp2_common/pico_double/double_aeabi.S.obj
                0x00000000100040b8                __wrap___aeabi_drsub
                0x00000000100040be                __wrap___aeabi_dsub
                0x00000000100040d0                __wrap___aeabi_dadd
                0x00000000100040e2                __wrap___aeabi_ddiv
                0x000000001000411e                __wrap___aeabi_dmul
 .text.__wrap___aeabi_cdcmple
                0x0000000010004138       0x6c CMakeFiles/Computer_HelloWorld.dir/Users/tom/pico/pico-sdk/src/rp2_common/pico_double/double_aeabi.S.obj
                0x0000000010004138                __wrap___aeabi_cdrcmple
                0x0000000010004148                __wrap___aeabi_cdcmple
                0x0000000010004148                __wrap___aeabi_cdcmpeq
 .text.__wrap___aeabi_dcmplt
                0x00000000100041a4        0xc CMakeFiles/Computer_HelloWorld.dir/Users/tom/pico/pico-sdk/src/rp2_common/pico_double/double_aeabi.S.obj
                0x00000000100041a4                __wrap___aeabi_dcmplt
 .text.__wrap___aeabi_dcmple
                0x00000000100041b0       0x10 CMakeFiles/Computer_HelloWorld.dir/Users/tom/pico/pico-sdk/src/rp2_common/pico_double/double_aeabi.S.obj
                0x00000000100041b0                __wrap___aeabi_dcmple
 .text.__wrap___aeabi_dcmpge
                0x00000000100041c0       0x10 CMakeFiles/Computer_HelloWorld.dir/Users/tom/pico/pico-sdk/src/rp2_common/pico_double/double_aeabi.S.obj
                0x00000000100041c0                __wrap___aeabi_dcmpge
 .text.__wrap___aeabi_dcmpgt
                0x00000000100041d0        0xa CMakeFiles/Computer_HelloWorld.dir/Users/tom/pico/pico-sdk/src/rp2_common/pico_double/double_aeabi.S.obj
                0x00000000100041d0                __wrap___aeabi_dcmpgt
 .text.__wrap___aeabi_dcmpun
                0x00000000100041da       0x1c CMakeFiles/Computer_HelloWorld.dir/Users/tom/pico/pico-sdk/src/rp2_common/pico_double/double_aeabi.S.obj
                0x00000000100041da                __wrap___aeabi_dcmpun
 *fill*         0x00000000100041f6        0x2 
 .text.__wrap___aeabi_i2d
                0x00000000100041f8       0x38 CMakeFiles/Computer_HelloWorld.dir/Users/tom/pico/pico-sdk/src/rp2_common/pico_double/double_aeabi.S.obj
                0x00000000100041f8                __wrap___aeabi_ui2d
                0x0000000010004200                __wrap___aeabi_i2d
 .text.__wrap___aeabi_d2iz
                0x0000000010004230       0x48 CMakeFiles/Computer_HelloWorld.dir/Users/tom/pico/pico-sdk/src/rp2_common/pico_double/double_aeabi.S.obj
                0x0000000010004230                __wrap___aeabi_d2iz
                0x0000000010004230                double2int_z
 .text.__wrap___aeabi_d2uiz
                0x0000000010004278       0x18 CMakeFiles/Computer_HelloWorld.dir/Users/tom/pico/pico-sdk/src/rp2_common/pico_double/double_aeabi.S.obj
                0x0000000010004278                double2uint
                0x0000000010004278                __wrap___aeabi_d2uiz
 .text.__aeabi_double_init
                0x0000000010004290       0xcc CMakeFiles/Computer_HelloWorld.dir/Users/tom/pico/pico-sdk/src/rp2_common/pico_double/double_init_rom.c.obj
                0x0000000010004290                __aeabi_double_init
 .text.double_table_shim_on_use_helper
                0x000000001000435c       0x34 CMakeFiles/Computer_HelloWorld.dir/Users/tom/pico/pico-sdk/src/rp2_common/pico_double/double_v1_rom_shim.S.obj
                0x000000001000435c                double_table_shim_on_use_helper
 .text.__wrap___aeabi_dsub
                0x0000000010004390       0x10 CMakeFiles/Computer_HelloWorld.dir/Users/tom/pico/pico-sdk/src/rp2_common/pico_double/double_v1_rom_shim.S.obj
                0x0000000010004390                drsub_shim
                0x0000000010004396                dsub_shim
 .text.dadd_shim
                0x00000000100043a0      0x15c CMakeFiles/Computer_HelloWorld.dir/Users/tom/pico/pico-sdk/src/rp2_common/pico_double/double_v1_rom_shim.S.obj
                0x00000000100043a0                dadd_shim
 .text.dmul_shim
                0x00000000100044fc      0x15c CMakeFiles/Computer_HelloWorld.dir/Users/tom/pico/pico-sdk/src/rp2_common/pico_double/double_v1_rom_shim.S.obj
                0x00000000100044fc                dmul_shim
 .text.ddiv_shim
                0x0000000010004658      0x1b0 CMakeFiles/Computer_HelloWorld.dir/Users/tom/pico/pico-sdk/src/rp2_common/pico_double/double_v1_rom_shim.S.obj
                0x0000000010004658                ddiv_shim
 .text.double2uint_shim
                0x0000000010004808        0xe CMakeFiles/Computer_HelloWorld.dir/Users/tom/pico/pico-sdk/src/rp2_common/pico_double/double_v1_rom_shim.S.obj
                0x0000000010004808                double2uint_shim
                0x000000001000480a                double2ufix_shim
 *fill*         0x0000000010004816        0x2 
 .text.double2uint64_shim
                0x0000000010004818       0x70 CMakeFiles/Computer_HelloWorld.dir/Users/tom/pico/pico-sdk/src/rp2_common/pico_double/double_v1_rom_shim.S.obj
                0x0000000010004818                double2uint64_shim
                0x000000001000481a                double2ufix64_shim
                0x000000001000483a                d2fix_a
 .text.dunpacks
                0x0000000010004888       0x3c CMakeFiles/Computer_HelloWorld.dir/Users/tom/pico/pico-sdk/src/rp2_common/pico_double/double_v1_rom_shim.S.obj
                0x0000000010004888                dunpacks
 .text.__aeabi_lmul
                0x00000000100048c4       0x32 CMakeFiles/Computer_HelloWorld.dir/Users/tom/pico/pico-sdk/src/rp2_common/pico_int64_ops/pico_int64_ops_aeabi.S.obj
                0x00000000100048c4                __wrap___aeabi_lmul
 *fill*         0x00000000100048f6        0x2 
 .text.__aeabi_float_init
                0x00000000100048f8       0xfc CMakeFiles/Computer_HelloWorld.dir/Users/tom/pico/pico-sdk/src/rp2_common/pico_float/float_init_rom.c.obj
                0x00000000100048f8                __aeabi_float_init
 .text.float_table_shim_on_use_helper
                0x00000000100049f4       0x34 CMakeFiles/Computer_HelloWorld.dir/Users/tom/pico/pico-sdk/src/rp2_common/pico_float/float_v1_rom_shim.S.obj
                0x00000000100049f4                float_table_shim_on_use_helper
 .text          0x0000000010004a28       0x10 CMakeFiles/Computer_HelloWorld.dir/Users/tom/pico/pico-sdk/src/rp2_common/pico_mem_ops/mem_ops_aeabi.S.obj
                0x0000000010004a28                __aeabi_mem_init
 .text.memset   0x0000000010004a38        0xc CMakeFiles/Computer_HelloWorld.dir/Users/tom/pico/pico-sdk/src/rp2_common/pico_mem_ops/mem_ops_aeabi.S.obj
                0x0000000010004a38                __wrap_memset
 .text.memcpy   0x0000000010004a44        0xc CMakeFiles/Computer_HelloWorld.dir/Users/tom/pico/pico-sdk/src/rp2_common/pico_mem_ops/mem_ops_aeabi.S.obj
                0x0000000010004a44                __wrap___aeabi_memcpy
                0x0000000010004a44                __wrap_memcpy
 .text.stdio_out_chars_no_crlf
                0x0000000010004a50        0xe CMakeFiles/Computer_HelloWorld.dir/Users/tom/pico/pico-sdk/src/rp2_common/pico_stdio/stdio.c.obj
 *fill*         0x0000000010004a5e        0x2 
 .text.stdio_out_chars_crlf
                0x0000000010004a60       0x80 CMakeFiles/Computer_HelloWorld.dir/Users/tom/pico/pico-sdk/src/rp2_common/pico_stdio/stdio.c.obj
 .text.stdio_stack_buffer_flush
                0x0000000010004ae0       0x44 CMakeFiles/Computer_HelloWorld.dir/Users/tom/pico/pico-sdk/src/rp2_common/pico_stdio/stdio.c.obj
 .text.stdio_buffered_printer
                0x0000000010004b24       0x20 CMakeFiles/Computer_HelloWorld.dir/Users/tom/pico/pico-sdk/src/rp2_common/pico_stdio/stdio.c.obj
 .text.update_us_since_boot
                0x0000000010004b44       0x24 CMakeFiles/Computer_HelloWorld.dir/Users/tom/pico/pico-sdk/src/rp2_common/pico_stdio/stdio.c.obj
 .text.get_absolute_time
                0x0000000010004b68       0x22 CMakeFiles/Computer_HelloWorld.dir/Users/tom/pico/pico-sdk/src/rp2_common/pico_stdio/stdio.c.obj
 *fill*         0x0000000010004b8a        0x2 
 .text.delayed_by_ms
                0x0000000010004b8c       0x44 CMakeFiles/Computer_HelloWorld.dir/Users/tom/pico/pico-sdk/src/rp2_common/pico_stdio/stdio.c.obj
 .text.make_timeout_time_ms
                0x0000000010004bd0       0x20 CMakeFiles/Computer_HelloWorld.dir/Users/tom/pico/pico-sdk/src/rp2_common/pico_stdio/stdio.c.obj
 .text.stdout_serialize_begin
                0x0000000010004bf0       0x20 CMakeFiles/Computer_HelloWorld.dir/Users/tom/pico/pico-sdk/src/rp2_common/pico_stdio/stdio.c.obj
                0x0000000010004bf0                stdout_serialize_begin
 .text.stdout_serialize_end
                0x0000000010004c10       0x10 CMakeFiles/Computer_HelloWorld.dir/Users/tom/pico/pico-sdk/src/rp2_common/pico_stdio/stdio.c.obj
                0x0000000010004c10                stdout_serialize_end
 .text.stdio_put_string
                0x0000000010004c20       0x98 CMakeFiles/Computer_HelloWorld.dir/Users/tom/pico/pico-sdk/src/rp2_common/pico_stdio/stdio.c.obj
 .text.__wrap_putchar
                0x0000000010004cb8       0x1c CMakeFiles/Computer_HelloWorld.dir/Users/tom/pico/pico-sdk/src/rp2_common/pico_stdio/stdio.c.obj
                0x0000000010004cb8                __wrap_putchar
 .text.stdio_set_driver_enabled
                0x0000000010004cd4       0x2c CMakeFiles/Computer_HelloWorld.dir/Users/tom/pico/pico-sdk/src/rp2_common/pico_stdio/stdio.c.obj
                0x0000000010004cd4                stdio_set_driver_enabled
 .text.stdio_flush
                0x0000000010004d00       0x20 CMakeFiles/Computer_HelloWorld.dir/Users/tom/pico/pico-sdk/src/rp2_common/pico_stdio/stdio.c.obj
                0x0000000010004d00                stdio_flush
 .text.__wrap_puts
                0x0000000010004d20       0x1e CMakeFiles/Computer_HelloWorld.dir/Users/tom/pico/pico-sdk/src/rp2_common/pico_stdio/stdio.c.obj
                0x0000000010004d20                __wrap_puts
 *fill*         0x0000000010004d3e        0x2 
 .text.__wrap_vprintf
                0x0000000010004d40       0x40 CMakeFiles/Computer_HelloWorld.dir/Users/tom/pico/pico-sdk/src/rp2_common/pico_stdio/stdio.c.obj
                0x0000000010004d40                __wrap_vprintf
 .text.__wrap_printf
                0x0000000010004d80       0x18 CMakeFiles/Computer_HelloWorld.dir/Users/tom/pico/pico-sdk/src/rp2_common/pico_stdio/stdio.c.obj
                0x0000000010004d80                __wrap_printf
 .text.stdio_init_all
                0x0000000010004d98        0x8 CMakeFiles/Computer_HelloWorld.dir/Users/tom/pico/pico-sdk/src/rp2_common/pico_stdio/stdio.c.obj
                0x0000000010004d98                stdio_init_all
 .text.resetd_init
                0x0000000010004da0        0x2 CMakeFiles/Computer_HelloWorld.dir/Users/tom/pico/pico-sdk/src/rp2_common/pico_stdio_usb/reset_interface.c.obj
 *fill*         0x0000000010004da2        0x2 
 .text.resetd_reset
                0x0000000010004da4        0xc CMakeFiles/Computer_HelloWorld.dir/Users/tom/pico/pico-sdk/src/rp2_common/pico_stdio_usb/reset_interface.c.obj
 .text.resetd_open
                0x0000000010004db0       0x34 CMakeFiles/Computer_HelloWorld.dir/Users/tom/pico/pico-sdk/src/rp2_common/pico_stdio_usb/reset_interface.c.obj
 .text.resetd_xfer_cb
                0x0000000010004de4        0x4 CMakeFiles/Computer_HelloWorld.dir/Users/tom/pico/pico-sdk/src/rp2_common/pico_stdio_usb/reset_interface.c.obj
 .text.reset_usb_boot
                0x0000000010004de8       0x18 CMakeFiles/Computer_HelloWorld.dir/Users/tom/pico/pico-sdk/src/rp2_common/pico_stdio_usb/reset_interface.c.obj
 .text.resetd_control_xfer_cb
                0x0000000010004e00       0x5c CMakeFiles/Computer_HelloWorld.dir/Users/tom/pico/pico-sdk/src/rp2_common/pico_stdio_usb/reset_interface.c.obj
 .text.usbd_app_driver_get_cb
                0x0000000010004e5c        0xc CMakeFiles/Computer_HelloWorld.dir/Users/tom/pico/pico-sdk/src/rp2_common/pico_stdio_usb/reset_interface.c.obj
                0x0000000010004e5c                usbd_app_driver_get_cb
 .text.tud_cdc_line_coding_cb
                0x0000000010004e68       0x28 CMakeFiles/Computer_HelloWorld.dir/Users/tom/pico/pico-sdk/src/rp2_common/pico_stdio_usb/reset_interface.c.obj
                0x0000000010004e68                tud_cdc_line_coding_cb
 .text.stdio_usb_set_chars_available_callback
                0x0000000010004e90       0x14 CMakeFiles/Computer_HelloWorld.dir/Users/tom/pico/pico-sdk/src/rp2_common/pico_stdio_usb/stdio_usb.c.obj
                0x0000000010004e90                stdio_usb_set_chars_available_callback
 .text.update_us_since_boot
                0x0000000010004ea4       0x24 CMakeFiles/Computer_HelloWorld.dir/Users/tom/pico/pico-sdk/src/rp2_common/pico_stdio_usb/stdio_usb.c.obj
 .text.get_absolute_time
                0x0000000010004ec8       0x22 CMakeFiles/Computer_HelloWorld.dir/Users/tom/pico/pico-sdk/src/rp2_common/pico_stdio_usb/stdio_usb.c.obj
 *fill*         0x0000000010004eea        0x2 
 .text.delayed_by_ms
                0x0000000010004eec       0x44 CMakeFiles/Computer_HelloWorld.dir/Users/tom/pico/pico-sdk/src/rp2_common/pico_stdio_usb/stdio_usb.c.obj
 .text.make_timeout_time_ms
                0x0000000010004f30       0x20 CMakeFiles/Computer_HelloWorld.dir/Users/tom/pico/pico-sdk/src/rp2_common/pico_stdio_usb/stdio_usb.c.obj
 .text.delayed_by_us
                0x0000000010004f50       0x34 CMakeFiles/Computer_HelloWorld.dir/Users/tom/pico/pico-sdk/src/rp2_common/pico_stdio_usb/stdio_usb.c.obj
 .text.usb_irq  0x0000000010004f84       0x10 CMakeFiles/Computer_HelloWorld.dir/Users/tom/pico/pico-sdk/src/rp2_common/pico_stdio_usb/stdio_usb.c.obj
 .text.timer_task
                0x0000000010004f94       0x58 CMakeFiles/Computer_HelloWorld.dir/Users/tom/pico/pico-sdk/src/rp2_common/pico_stdio_usb/stdio_usb.c.obj
 .text.alarm_pool_add_alarm_in_us
                0x0000000010004fec       0x3a CMakeFiles/Computer_HelloWorld.dir/Users/tom/pico/pico-sdk/src/rp2_common/pico_stdio_usb/stdio_usb.c.obj
 .text.add_alarm_in_us
                0x0000000010005026       0x2e CMakeFiles/Computer_HelloWorld.dir/Users/tom/pico/pico-sdk/src/rp2_common/pico_stdio_usb/stdio_usb.c.obj
 .text.low_priority_worker_irq
                0x0000000010005054       0x84 CMakeFiles/Computer_HelloWorld.dir/Users/tom/pico/pico-sdk/src/rp2_common/pico_stdio_usb/stdio_usb.c.obj
 .text.tud_cdc_rx_cb
                0x00000000100050d8       0x20 CMakeFiles/Computer_HelloWorld.dir/Users/tom/pico/pico-sdk/src/rp2_common/pico_stdio_usb/stdio_usb.c.obj
                0x00000000100050d8                tud_cdc_rx_cb
 .text.stdio_usb_init
                0x00000000100050f8       0xdc CMakeFiles/Computer_HelloWorld.dir/Users/tom/pico/pico-sdk/src/rp2_common/pico_stdio_usb/stdio_usb.c.obj
                0x00000000100050f8                stdio_usb_init
 .text.stdio_usb_connected
                0x00000000100051d4        0xa CMakeFiles/Computer_HelloWorld.dir/Users/tom/pico/pico-sdk/src/rp2_common/pico_stdio_usb/stdio_usb.c.obj
                0x00000000100051d4                stdio_usb_connected
 *fill*         0x00000000100051de        0x2 
 .text.stdio_usb_in_chars
                0x00000000100051e0       0x88 CMakeFiles/Computer_HelloWorld.dir/Users/tom/pico/pico-sdk/src/rp2_common/pico_stdio_usb/stdio_usb.c.obj
                0x00000000100051e0                stdio_usb_in_chars
 .text.stdio_usb_out_chars
                0x0000000010005268       0xd8 CMakeFiles/Computer_HelloWorld.dir/Users/tom/pico/pico-sdk/src/rp2_common/pico_stdio_usb/stdio_usb.c.obj
 .text.tud_descriptor_device_cb
                0x0000000010005340        0x8 CMakeFiles/Computer_HelloWorld.dir/Users/tom/pico/pico-sdk/src/rp2_common/pico_stdio_usb/stdio_usb_descriptors.c.obj
                0x0000000010005340                tud_descriptor_device_cb
 .text.tud_descriptor_configuration_cb
                0x0000000010005348        0x8 CMakeFiles/Computer_HelloWorld.dir/Users/tom/pico/pico-sdk/src/rp2_common/pico_stdio_usb/stdio_usb_descriptors.c.obj
                0x0000000010005348                tud_descriptor_configuration_cb
 .text.tud_descriptor_string_cb
                0x0000000010005350       0x6c CMakeFiles/Computer_HelloWorld.dir/Users/tom/pico/pico-sdk/src/rp2_common/pico_stdio_usb/stdio_usb_descriptors.c.obj
                0x0000000010005350                tud_descriptor_string_cb
 .text._retrieve_unique_id_on_boot
                0x00000000100053bc       0x10 CMakeFiles/Computer_HelloWorld.dir/Users/tom/pico/pico-sdk/src/rp2_common/pico_unique_id/unique_id.c.obj
 .text.pico_get_unique_board_id_string
                0x00000000100053cc       0x5c CMakeFiles/Computer_HelloWorld.dir/Users/tom/pico/pico-sdk/src/rp2_common/pico_unique_id/unique_id.c.obj
                0x00000000100053cc                pico_get_unique_board_id_string
 .text.flash_get_unique_id
                0x0000000010005428       0x46 CMakeFiles/Computer_HelloWorld.dir/Users/tom/pico/pico-sdk/src/rp2_common/hardware_flash/flash.c.obj
                0x0000000010005428                flash_get_unique_id
 *fill*         0x000000001000546e        0x2 
 .text.hw_endpoint_get_by_addr
                0x0000000010005470       0x18 CMakeFiles/Computer_HelloWorld.dir/Users/tom/pico/pico-sdk/lib/tinyusb/src/portable/raspberrypi/rp2040/dcd_rp2040.c.obj
 .text._hw_endpoint_alloc
                0x0000000010005488       0x70 CMakeFiles/Computer_HelloWorld.dir/Users/tom/pico/pico-sdk/lib/tinyusb/src/portable/raspberrypi/rp2040/dcd_rp2040.c.obj
 .text.hw_endpoint_init
                0x00000000100054f8       0x88 CMakeFiles/Computer_HelloWorld.dir/Users/tom/pico/pico-sdk/lib/tinyusb/src/portable/raspberrypi/rp2040/dcd_rp2040.c.obj
 .text.dcd_event_sof
                0x0000000010005580       0x2c CMakeFiles/Computer_HelloWorld.dir/Users/tom/pico/pico-sdk/lib/tinyusb/src/portable/raspberrypi/rp2040/dcd_rp2040.c.obj
 .text.hw_endpoint_xfer
                0x00000000100055ac       0x14 CMakeFiles/Computer_HelloWorld.dir/Users/tom/pico/pico-sdk/lib/tinyusb/src/portable/raspberrypi/rp2040/dcd_rp2040.c.obj
 .text.dcd_int_enable
                0x00000000100055c0       0x2c CMakeFiles/Computer_HelloWorld.dir/Users/tom/pico/pico-sdk/lib/tinyusb/src/portable/raspberrypi/rp2040/dcd_rp2040.c.obj
                0x00000000100055c0                dcd_int_enable
 .text.dcd_set_address
                0x00000000100055ec       0x2c CMakeFiles/Computer_HelloWorld.dir/Users/tom/pico/pico-sdk/lib/tinyusb/src/portable/raspberrypi/rp2040/dcd_rp2040.c.obj
                0x00000000100055ec                dcd_set_address
 .text.dcd_connect
                0x0000000010005618       0x10 CMakeFiles/Computer_HelloWorld.dir/Users/tom/pico/pico-sdk/lib/tinyusb/src/portable/raspberrypi/rp2040/dcd_rp2040.c.obj
                0x0000000010005618                dcd_connect
 .text.dcd_init
                0x0000000010005628       0x80 CMakeFiles/Computer_HelloWorld.dir/Users/tom/pico/pico-sdk/lib/tinyusb/src/portable/raspberrypi/rp2040/dcd_rp2040.c.obj
                0x0000000010005628                dcd_init
 .text.dcd_edpt0_status_complete
                0x00000000100056a8       0x1c CMakeFiles/Computer_HelloWorld.dir/Users/tom/pico/pico-sdk/lib/tinyusb/src/portable/raspberrypi/rp2040/dcd_rp2040.c.obj
                0x00000000100056a8                dcd_edpt0_status_complete
 .text.dcd_edpt_open
                0x00000000100056c4       0x40 CMakeFiles/Computer_HelloWorld.dir/Users/tom/pico/pico-sdk/lib/tinyusb/src/portable/raspberrypi/rp2040/dcd_rp2040.c.obj
                0x00000000100056c4                dcd_edpt_open
 .text.dcd_edpt_close_all
                0x0000000010005704        0x8 CMakeFiles/Computer_HelloWorld.dir/Users/tom/pico/pico-sdk/lib/tinyusb/src/portable/raspberrypi/rp2040/dcd_rp2040.c.obj
                0x0000000010005704                dcd_edpt_close_all
 .text.dcd_edpt_xfer
                0x000000001000570c       0x34 CMakeFiles/Computer_HelloWorld.dir/Users/tom/pico/pico-sdk/lib/tinyusb/src/portable/raspberrypi/rp2040/dcd_rp2040.c.obj
                0x000000001000570c                dcd_edpt_xfer
 .text.dcd_edpt_stall
                0x0000000010005740       0x2c CMakeFiles/Computer_HelloWorld.dir/Users/tom/pico/pico-sdk/lib/tinyusb/src/portable/raspberrypi/rp2040/dcd_rp2040.c.obj
                0x0000000010005740                dcd_edpt_stall
 .text.dcd_edpt_clear_stall
                0x000000001000576c       0x20 CMakeFiles/Computer_HelloWorld.dir/Users/tom/pico/pico-sdk/lib/tinyusb/src/portable/raspberrypi/rp2040/dcd_rp2040.c.obj
                0x000000001000576c                dcd_edpt_clear_stall
 .text.rp2040_usb_init
                0x000000001000578c       0x4c CMakeFiles/Computer_HelloWorld.dir/Users/tom/pico/pico-sdk/lib/tinyusb/src/portable/raspberrypi/rp2040/rp2040_usb.c.obj
                0x000000001000578c                rp2040_usb_init
 .text.hw_endpoint_xfer_start
                0x00000000100057d8       0x50 CMakeFiles/Computer_HelloWorld.dir/Users/tom/pico/pico-sdk/lib/tinyusb/src/portable/raspberrypi/rp2040/rp2040_usb.c.obj
                0x00000000100057d8                hw_endpoint_xfer_start
 .text.configuration_reset
                0x0000000010005828       0x84 CMakeFiles/Computer_HelloWorld.dir/Users/tom/pico/pico-sdk/lib/tinyusb/src/device/usbd.c.obj
 .text.usbd_reset
                0x00000000100058ac        0xc CMakeFiles/Computer_HelloWorld.dir/Users/tom/pico/pico-sdk/lib/tinyusb/src/device/usbd.c.obj
 .text.invoke_class_control
                0x00000000100058b8       0x1a CMakeFiles/Computer_HelloWorld.dir/Users/tom/pico/pico-sdk/lib/tinyusb/src/device/usbd.c.obj
 *fill*         0x00000000100058d2        0x2 
 .text.process_set_config
                0x00000000100058d4      0x178 CMakeFiles/Computer_HelloWorld.dir/Users/tom/pico/pico-sdk/lib/tinyusb/src/device/usbd.c.obj
 .text.process_get_descriptor
                0x0000000010005a4c       0xdc CMakeFiles/Computer_HelloWorld.dir/Users/tom/pico/pico-sdk/lib/tinyusb/src/device/usbd.c.obj
 .text.tud_mounted
                0x0000000010005b28       0x10 CMakeFiles/Computer_HelloWorld.dir/Users/tom/pico/pico-sdk/lib/tinyusb/src/device/usbd.c.obj
                0x0000000010005b28                tud_mounted
 .text.tud_suspended
                0x0000000010005b38       0x10 CMakeFiles/Computer_HelloWorld.dir/Users/tom/pico/pico-sdk/lib/tinyusb/src/device/usbd.c.obj
                0x0000000010005b38                tud_suspended
 .text.tud_inited
                0x0000000010005b48       0x14 CMakeFiles/Computer_HelloWorld.dir/Users/tom/pico/pico-sdk/lib/tinyusb/src/device/usbd.c.obj
                0x0000000010005b48                tud_inited
 .text.tud_init
                0x0000000010005b5c       0xcc CMakeFiles/Computer_HelloWorld.dir/Users/tom/pico/pico-sdk/lib/tinyusb/src/device/usbd.c.obj
                0x0000000010005b5c                tud_init
 .text.usbd_defer_func
                0x0000000010005c28       0x2a CMakeFiles/Computer_HelloWorld.dir/Users/tom/pico/pico-sdk/lib/tinyusb/src/device/usbd.c.obj
                0x0000000010005c28                usbd_defer_func
 *fill*         0x0000000010005c52        0x2 
 .text.usbd_edpt_open
                0x0000000010005c54       0x34 CMakeFiles/Computer_HelloWorld.dir/Users/tom/pico/pico-sdk/lib/tinyusb/src/device/usbd.c.obj
                0x0000000010005c54                usbd_edpt_open
 .text.usbd_open_edpt_pair
                0x0000000010005c88       0x62 CMakeFiles/Computer_HelloWorld.dir/Users/tom/pico/pico-sdk/lib/tinyusb/src/device/usbd.c.obj
                0x0000000010005c88                usbd_open_edpt_pair
 *fill*         0x0000000010005cea        0x2 
 .text.usbd_edpt_claim
                0x0000000010005cec       0x28 CMakeFiles/Computer_HelloWorld.dir/Users/tom/pico/pico-sdk/lib/tinyusb/src/device/usbd.c.obj
                0x0000000010005cec                usbd_edpt_claim
 .text.usbd_edpt_release
                0x0000000010005d14       0x28 CMakeFiles/Computer_HelloWorld.dir/Users/tom/pico/pico-sdk/lib/tinyusb/src/device/usbd.c.obj
                0x0000000010005d14                usbd_edpt_release
 .text.usbd_edpt_xfer
                0x0000000010005d3c       0x78 CMakeFiles/Computer_HelloWorld.dir/Users/tom/pico/pico-sdk/lib/tinyusb/src/device/usbd.c.obj
                0x0000000010005d3c                usbd_edpt_xfer
 .text.usbd_edpt_stall
                0x0000000010005db4       0x48 CMakeFiles/Computer_HelloWorld.dir/Users/tom/pico/pico-sdk/lib/tinyusb/src/device/usbd.c.obj
                0x0000000010005db4                usbd_edpt_stall
 .text.usbd_edpt_clear_stall
                0x0000000010005dfc       0x48 CMakeFiles/Computer_HelloWorld.dir/Users/tom/pico/pico-sdk/lib/tinyusb/src/device/usbd.c.obj
                0x0000000010005dfc                usbd_edpt_clear_stall
 .text.usbd_edpt_stalled
                0x0000000010005e44       0x1c CMakeFiles/Computer_HelloWorld.dir/Users/tom/pico/pico-sdk/lib/tinyusb/src/device/usbd.c.obj
                0x0000000010005e44                usbd_edpt_stalled
 .text.process_control_request
                0x0000000010005e60      0x374 CMakeFiles/Computer_HelloWorld.dir/Users/tom/pico/pico-sdk/lib/tinyusb/src/device/usbd.c.obj
 .text.tud_task_ext
                0x00000000100061d4      0x1b4 CMakeFiles/Computer_HelloWorld.dir/Users/tom/pico/pico-sdk/lib/tinyusb/src/device/usbd.c.obj
                0x00000000100061d4                tud_task_ext
 .text._status_stage_xact
                0x0000000010006388       0x1a CMakeFiles/Computer_HelloWorld.dir/Users/tom/pico/pico-sdk/lib/tinyusb/src/device/usbd_control.c.obj
 *fill*         0x00000000100063a2        0x2 
 .text._data_stage_xact
                0x00000000100063a4       0x58 CMakeFiles/Computer_HelloWorld.dir/Users/tom/pico/pico-sdk/lib/tinyusb/src/device/usbd_control.c.obj
 .text.tud_control_status
                0x00000000100063fc       0x28 CMakeFiles/Computer_HelloWorld.dir/Users/tom/pico/pico-sdk/lib/tinyusb/src/device/usbd_control.c.obj
                0x00000000100063fc                tud_control_status
 .text.tud_control_xfer
                0x0000000010006424       0x68 CMakeFiles/Computer_HelloWorld.dir/Users/tom/pico/pico-sdk/lib/tinyusb/src/device/usbd_control.c.obj
                0x0000000010006424                tud_control_xfer
 .text.usbd_control_reset
                0x000000001000648c       0x14 CMakeFiles/Computer_HelloWorld.dir/Users/tom/pico/pico-sdk/lib/tinyusb/src/device/usbd_control.c.obj
                0x000000001000648c                usbd_control_reset
 .text.usbd_control_set_complete_callback
                0x00000000100064a0        0xc CMakeFiles/Computer_HelloWorld.dir/Users/tom/pico/pico-sdk/lib/tinyusb/src/device/usbd_control.c.obj
                0x00000000100064a0                usbd_control_set_complete_callback
 .text.usbd_control_set_request
                0x00000000100064ac       0x1c CMakeFiles/Computer_HelloWorld.dir/Users/tom/pico/pico-sdk/lib/tinyusb/src/device/usbd_control.c.obj
                0x00000000100064ac                usbd_control_set_request
 .text.usbd_control_xfer_cb
                0x00000000100064c8       0xbc CMakeFiles/Computer_HelloWorld.dir/Users/tom/pico/pico-sdk/lib/tinyusb/src/device/usbd_control.c.obj
                0x00000000100064c8                usbd_control_xfer_cb
 .text._prep_out_transaction
                0x0000000010006584       0x4a CMakeFiles/Computer_HelloWorld.dir/Users/tom/pico/pico-sdk/lib/tinyusb/src/class/cdc/cdc_device.c.obj
 *fill*         0x00000000100065ce        0x2 
 .text.tud_cdc_n_connected
                0x00000000100065d0       0x38 CMakeFiles/Computer_HelloWorld.dir/Users/tom/pico/pico-sdk/lib/tinyusb/src/class/cdc/cdc_device.c.obj
                0x00000000100065d0                tud_cdc_n_connected
 .text.tud_cdc_n_available
                0x0000000010006608       0x18 CMakeFiles/Computer_HelloWorld.dir/Users/tom/pico/pico-sdk/lib/tinyusb/src/class/cdc/cdc_device.c.obj
                0x0000000010006608                tud_cdc_n_available
 .text.tud_cdc_n_read
                0x0000000010006620       0x28 CMakeFiles/Computer_HelloWorld.dir/Users/tom/pico/pico-sdk/lib/tinyusb/src/class/cdc/cdc_device.c.obj
                0x0000000010006620                tud_cdc_n_read
 .text.tud_cdc_n_write_flush
                0x0000000010006648       0xb8 CMakeFiles/Computer_HelloWorld.dir/Users/tom/pico/pico-sdk/lib/tinyusb/src/class/cdc/cdc_device.c.obj
                0x0000000010006648                tud_cdc_n_write_flush
 .text.tud_cdc_n_write
                0x0000000010006700       0x38 CMakeFiles/Computer_HelloWorld.dir/Users/tom/pico/pico-sdk/lib/tinyusb/src/class/cdc/cdc_device.c.obj
                0x0000000010006700                tud_cdc_n_write
 .text.tud_cdc_n_write_available
                0x0000000010006738       0x1c CMakeFiles/Computer_HelloWorld.dir/Users/tom/pico/pico-sdk/lib/tinyusb/src/class/cdc/cdc_device.c.obj
                0x0000000010006738                tud_cdc_n_write_available
 .text.cdcd_init
                0x0000000010006754       0xbc CMakeFiles/Computer_HelloWorld.dir/Users/tom/pico/pico-sdk/lib/tinyusb/src/class/cdc/cdc_device.c.obj
                0x0000000010006754                cdcd_init
 .text.cdcd_reset
                0x0000000010006810       0x44 CMakeFiles/Computer_HelloWorld.dir/Users/tom/pico/pico-sdk/lib/tinyusb/src/class/cdc/cdc_device.c.obj
                0x0000000010006810                cdcd_reset
 .text.cdcd_open
                0x0000000010006854       0xc4 CMakeFiles/Computer_HelloWorld.dir/Users/tom/pico/pico-sdk/lib/tinyusb/src/class/cdc/cdc_device.c.obj
                0x0000000010006854                cdcd_open
 .text.cdcd_control_xfer_cb
                0x0000000010006918      0x134 CMakeFiles/Computer_HelloWorld.dir/Users/tom/pico/pico-sdk/lib/tinyusb/src/class/cdc/cdc_device.c.obj
                0x0000000010006918                cdcd_control_xfer_cb
 .text.cdcd_xfer_cb
                0x0000000010006a4c      0x130 CMakeFiles/Computer_HelloWorld.dir/Users/tom/pico/pico-sdk/lib/tinyusb/src/class/cdc/cdc_device.c.obj
                0x0000000010006a4c                cdcd_xfer_cb
 .text.tusb_init
                0x0000000010006b7c        0xa CMakeFiles/Computer_HelloWorld.dir/Users/tom/pico/pico-sdk/lib/tinyusb/src/tusb.c.obj
                0x0000000010006b7c                tusb_init
 .text.tusb_inited
                0x0000000010006b86        0xe CMakeFiles/Computer_HelloWorld.dir/Users/tom/pico/pico-sdk/lib/tinyusb/src/tusb.c.obj
                0x0000000010006b86                tusb_inited
 .text.tu_edpt_claim
                0x0000000010006b94       0x50 CMakeFiles/Computer_HelloWorld.dir/Users/tom/pico/pico-sdk/lib/tinyusb/src/tusb.c.obj
                0x0000000010006b94                tu_edpt_claim
 .text.tu_edpt_release
                0x0000000010006be4       0x38 CMakeFiles/Computer_HelloWorld.dir/Users/tom/pico/pico-sdk/lib/tinyusb/src/tusb.c.obj
                0x0000000010006be4                tu_edpt_release
 .text.tu_edpt_validate
                0x0000000010006c1c       0x78 CMakeFiles/Computer_HelloWorld.dir/Users/tom/pico/pico-sdk/lib/tinyusb/src/tusb.c.obj
                0x0000000010006c1c                tu_edpt_validate
 .text.tu_edpt_bind_driver
                0x0000000010006c94       0x26 CMakeFiles/Computer_HelloWorld.dir/Users/tom/pico/pico-sdk/lib/tinyusb/src/tusb.c.obj
                0x0000000010006c94                tu_edpt_bind_driver
 .text.advance_index
                0x0000000010006cba       0x1a CMakeFiles/Computer_HelloWorld.dir/Users/tom/pico/pico-sdk/lib/tinyusb/src/common/tusb_fifo.c.obj
 .text._tu_fifo_peek
                0x0000000010006cd4       0x56 CMakeFiles/Computer_HelloWorld.dir/Users/tom/pico/pico-sdk/lib/tinyusb/src/common/tusb_fifo.c.obj
 .text._ff_pull_const_addr
                0x0000000010006d2a       0x4c CMakeFiles/Computer_HelloWorld.dir/Users/tom/pico/pico-sdk/lib/tinyusb/src/common/tusb_fifo.c.obj
 .text._ff_pull_n
                0x0000000010006d76      0x110 CMakeFiles/Computer_HelloWorld.dir/Users/tom/pico/pico-sdk/lib/tinyusb/src/common/tusb_fifo.c.obj
 .text._tu_fifo_peek_n
                0x0000000010006e86       0x6a CMakeFiles/Computer_HelloWorld.dir/Users/tom/pico/pico-sdk/lib/tinyusb/src/common/tusb_fifo.c.obj
 .text._tu_fifo_read_n
                0x0000000010006ef0       0x4e CMakeFiles/Computer_HelloWorld.dir/Users/tom/pico/pico-sdk/lib/tinyusb/src/common/tusb_fifo.c.obj
 .text._ff_push_const_addr
                0x0000000010006f3e       0x40 CMakeFiles/Computer_HelloWorld.dir/Users/tom/pico/pico-sdk/lib/tinyusb/src/common/tusb_fifo.c.obj
 .text._ff_push_n
                0x0000000010006f7e      0x10c CMakeFiles/Computer_HelloWorld.dir/Users/tom/pico/pico-sdk/lib/tinyusb/src/common/tusb_fifo.c.obj
 .text._tu_fifo_write_n
                0x000000001000708a       0xf0 CMakeFiles/Computer_HelloWorld.dir/Users/tom/pico/pico-sdk/lib/tinyusb/src/common/tusb_fifo.c.obj
 .text.tu_fifo_config
                0x000000001000717a       0x7c CMakeFiles/Computer_HelloWorld.dir/Users/tom/pico/pico-sdk/lib/tinyusb/src/common/tusb_fifo.c.obj
                0x000000001000717a                tu_fifo_config
 .text.tu_fifo_count
                0x00000000100071f6       0x2a CMakeFiles/Computer_HelloWorld.dir/Users/tom/pico/pico-sdk/lib/tinyusb/src/common/tusb_fifo.c.obj
                0x00000000100071f6                tu_fifo_count
 .text.tu_fifo_empty
                0x0000000010007220        0xe CMakeFiles/Computer_HelloWorld.dir/Users/tom/pico/pico-sdk/lib/tinyusb/src/common/tusb_fifo.c.obj
                0x0000000010007220                tu_fifo_empty
 .text.tu_fifo_full
                0x000000001000722e       0x28 CMakeFiles/Computer_HelloWorld.dir/Users/tom/pico/pico-sdk/lib/tinyusb/src/common/tusb_fifo.c.obj
                0x000000001000722e                tu_fifo_full
 .text.tu_fifo_remaining
                0x0000000010007256       0x2c CMakeFiles/Computer_HelloWorld.dir/Users/tom/pico/pico-sdk/lib/tinyusb/src/common/tusb_fifo.c.obj
                0x0000000010007256                tu_fifo_remaining
 .text.tu_fifo_read
                0x0000000010007282       0x42 CMakeFiles/Computer_HelloWorld.dir/Users/tom/pico/pico-sdk/lib/tinyusb/src/common/tusb_fifo.c.obj
                0x0000000010007282                tu_fifo_read
 .text.tu_fifo_read_n
                0x00000000100072c4        0xa CMakeFiles/Computer_HelloWorld.dir/Users/tom/pico/pico-sdk/lib/tinyusb/src/common/tusb_fifo.c.obj
                0x00000000100072c4                tu_fifo_read_n
 .text.tu_fifo_write
                0x00000000100072ce       0x64 CMakeFiles/Computer_HelloWorld.dir/Users/tom/pico/pico-sdk/lib/tinyusb/src/common/tusb_fifo.c.obj
                0x00000000100072ce                tu_fifo_write
 .text.tu_fifo_write_n
                0x0000000010007332        0xa CMakeFiles/Computer_HelloWorld.dir/Users/tom/pico/pico-sdk/lib/tinyusb/src/common/tusb_fifo.c.obj
                0x0000000010007332                tu_fifo_write_n
 .text.tu_fifo_clear
                0x000000001000733c       0x3e CMakeFiles/Computer_HelloWorld.dir/Users/tom/pico/pico-sdk/lib/tinyusb/src/common/tusb_fifo.c.obj
                0x000000001000733c                tu_fifo_clear
 .text.tu_fifo_set_overwritable
                0x000000001000737a       0x46 CMakeFiles/Computer_HelloWorld.dir/Users/tom/pico/pico-sdk/lib/tinyusb/src/common/tusb_fifo.c.obj
                0x000000001000737a                tu_fifo_set_overwritable
 .text.spi_set_baudrate
                0x00000000100073c0       0x92 CMakeFiles/Computer_HelloWorld.dir/Users/tom/pico/pico-sdk/src/rp2_common/hardware_spi/spi.c.obj
                0x00000000100073c0                spi_set_baudrate
 *fill*         0x0000000010007452        0x2 
 .text.spi_init
                0x0000000010007454       0x68 CMakeFiles/Computer_HelloWorld.dir/Users/tom/pico/pico-sdk/src/rp2_common/hardware_spi/spi.c.obj
                0x0000000010007454                spi_init
 .text.adc_init
                0x00000000100074bc       0x34 CMakeFiles/Computer_HelloWorld.dir/Users/tom/pico/pico-sdk/src/rp2_common/hardware_adc/adc.c.obj
                0x00000000100074bc                adc_init
 .text.strlen   0x00000000100074f0       0x5c /Applications/ArmGNUToolchain/12.2.rel1/arm-none-eabi/bin/../lib/gcc/arm-none-eabi/12.2.1/../../../../arm-none-eabi/lib/thumb/v6-m/nofp/libg.a(libc_a-strlen-stub.o)
                0x00000000100074f0                strlen
 *(.fini)
 .fini          0x000000001000754c        0x4 /Applications/ArmGNUToolchain/12.2.rel1/arm-none-eabi/bin/../lib/gcc/arm-none-eabi/12.2.1/thumb/v6-m/nofp/crti.o
                0x000000001000754c                _fini
 .fini.__stub   0x0000000010007550       0xf0 linker stubs
 *crtbegin.o(.ctors)
 *crtbegin?.o(.ctors)
 *(EXCLUDE_FILE(*crtend.o *crtend?.o) .ctors)
 *(SORT_BY_NAME(.ctors.*))
 *(.ctors)
 *crtbegin.o(.dtors)
 *crtbegin?.o(.dtors)
 *(EXCLUDE_FILE(*crtend.o *crtend?.o) .dtors)
 *(SORT_BY_NAME(.dtors.*))
 *(.dtors)
 *(.eh_frame*)
 .eh_frame      0x0000000010007640        0x0 /Applications/ArmGNUToolchain/12.2.rel1/arm-none-eabi/bin/../lib/gcc/arm-none-eabi/12.2.1/thumb/v6-m/nofp/crtbegin.o
                0x0000000010007640                . = ALIGN (0x4)

.glue_7         0x0000000010007640        0x0
 .glue_7        0x0000000010007640        0x0 linker stubs

.glue_7t        0x0000000010007640        0x0
 .glue_7t       0x0000000010007640        0x0 linker stubs

.vfp11_veneer   0x0000000010007640        0x0
 .vfp11_veneer  0x0000000010007640        0x0 linker stubs

.v4_bx          0x0000000010007640        0x0
 .v4_bx         0x0000000010007640        0x0 linker stubs

.iplt           0x0000000010007640        0x0
 .iplt          0x0000000010007640        0x0 /Applications/ArmGNUToolchain/12.2.rel1/arm-none-eabi/bin/../lib/gcc/arm-none-eabi/12.2.1/thumb/v6-m/nofp/crtbegin.o

.rodata         0x0000000010007640     0x16d8
 *(EXCLUDE_FILE(*libm.a: *libc.a:*lib_a-mem*.o *libgcc.a:) .rodata*)
 .rodata.pulse_callback.str1.4
                0x0000000010007640       0x85 CMakeFiles/Computer_HelloWorld.dir/Computer_HelloWorld.c.obj
 *fill*         0x00000000100076c5        0x3 
 .rodata.print_unique_id.str1.4
                0x00000000100076c8        0x5 CMakeFiles/Computer_HelloWorld.dir/Computer_HelloWorld.c.obj
 *fill*         0x00000000100076cd        0x3 
 .rodata.main.str1.4
                0x00000000100076d0       0x5c CMakeFiles/Computer_HelloWorld.dir/Computer_HelloWorld.c.obj
 .rodata        0x000000001000772c       0xc0 CMakeFiles/Computer_HelloWorld.dir/Computer_HelloWorld.c.obj
 .rodata.spin_lock_claim_unused.str1.4
                0x00000000100077ec       0x1b CMakeFiles/Computer_HelloWorld.dir/Users/tom/pico/pico-sdk/src/rp2_common/hardware_sync/sync.c.obj
 *fill*         0x0000000010007807        0x1 
 .rodata.resolve_branch.str1.4
                0x0000000010007808       0x53 CMakeFiles/Computer_HelloWorld.dir/Users/tom/pico/pico-sdk/src/rp2_common/hardware_irq/irq.c.obj
 *fill*         0x000000001000785b        0x1 
 .rodata.make_branch.str1.4
                0x000000001000785c       0x30 CMakeFiles/Computer_HelloWorld.dir/Users/tom/pico/pico-sdk/src/rp2_common/hardware_irq/irq.c.obj
 .rodata.insert_branch_and_link.str1.4
                0x000000001000788c       0x10 CMakeFiles/Computer_HelloWorld.dir/Users/tom/pico/pico-sdk/src/rp2_common/hardware_irq/irq.c.obj
 .rodata.irq_set_exclusive_handler.str1.4
                0x000000001000789c       0x36 CMakeFiles/Computer_HelloWorld.dir/Users/tom/pico/pico-sdk/src/rp2_common/hardware_irq/irq.c.obj
 *fill*         0x00000000100078d2        0x2 
 .rodata.irq_add_shared_handler.str1.4
                0x00000000100078d4       0xc2 CMakeFiles/Computer_HelloWorld.dir/Users/tom/pico/pico-sdk/src/rp2_common/hardware_irq/irq.c.obj
 *fill*         0x0000000010007996        0x2 
 .rodata.irq_remove_handler.str1.4
                0x0000000010007998       0x3a CMakeFiles/Computer_HelloWorld.dir/Users/tom/pico/pico-sdk/src/rp2_common/hardware_irq/irq.c.obj
 *fill*         0x00000000100079d2        0x2 
 .rodata.irq_add_tail_to_free_list.str1.4
                0x00000000100079d4       0x3a CMakeFiles/Computer_HelloWorld.dir/Users/tom/pico/pico-sdk/src/rp2_common/hardware_irq/irq.c.obj
 *fill*         0x0000000010007a0e        0x2 
 .rodata.user_irq_claim_unused.str1.4
                0x0000000010007a10       0x1b CMakeFiles/Computer_HelloWorld.dir/Users/tom/pico/pico-sdk/src/rp2_common/hardware_irq/irq.c.obj
 *fill*         0x0000000010007a2b        0x1 
 .rodata.__func__.0
                0x0000000010007a2c       0x1a CMakeFiles/Computer_HelloWorld.dir/Users/tom/pico/pico-sdk/src/rp2_common/hardware_irq/irq.c.obj
 *fill*         0x0000000010007a46        0x2 
 .rodata.__func__.1
                0x0000000010007a48       0x17 CMakeFiles/Computer_HelloWorld.dir/Users/tom/pico/pico-sdk/src/rp2_common/hardware_irq/irq.c.obj
 *fill*         0x0000000010007a5f        0x1 
 .rodata.__func__.2
                0x0000000010007a60       0x13 CMakeFiles/Computer_HelloWorld.dir/Users/tom/pico/pico-sdk/src/rp2_common/hardware_irq/irq.c.obj
 *fill*         0x0000000010007a73        0x1 
 .rodata.__func__.3
                0x0000000010007a74        0xc CMakeFiles/Computer_HelloWorld.dir/Users/tom/pico/pico-sdk/src/rp2_common/hardware_irq/irq.c.obj
 .rodata.__func__.4
                0x0000000010007a80        0xf CMakeFiles/Computer_HelloWorld.dir/Users/tom/pico/pico-sdk/src/rp2_common/hardware_irq/irq.c.obj
 *fill*         0x0000000010007a8f        0x1 
 .rodata.__func__.5
                0x0000000010007a90       0x17 CMakeFiles/Computer_HelloWorld.dir/Users/tom/pico/pico-sdk/src/rp2_common/hardware_irq/irq.c.obj
 *fill*         0x0000000010007aa7        0x1 
 .rodata.__func__.6
                0x0000000010007aa8       0x1a CMakeFiles/Computer_HelloWorld.dir/Users/tom/pico/pico-sdk/src/rp2_common/hardware_irq/irq.c.obj
 *fill*         0x0000000010007ac2        0x2 
 .rodata.update_us_since_boot.str1.4
                0x0000000010007ac4       0x5f CMakeFiles/Computer_HelloWorld.dir/Users/tom/pico/pico-sdk/src/common/pico_sync/mutex.c.obj
 *fill*         0x0000000010007b23        0x1 
 .rodata.str1.4
                0x0000000010007b24       0x89 CMakeFiles/Computer_HelloWorld.dir/Users/tom/pico/pico-sdk/src/common/pico_sync/mutex.c.obj
 *fill*         0x0000000010007bad        0x3 
 .rodata.__func__.1
                0x0000000010007bb0        0xb CMakeFiles/Computer_HelloWorld.dir/Users/tom/pico/pico-sdk/src/common/pico_sync/mutex.c.obj
 *fill*         0x0000000010007bbb        0x1 
 .rodata.__func__.3
                0x0000000010007bbc       0x18 CMakeFiles/Computer_HelloWorld.dir/Users/tom/pico/pico-sdk/src/common/pico_sync/mutex.c.obj
 .rodata.__func__.4
                0x0000000010007bd4       0x15 CMakeFiles/Computer_HelloWorld.dir/Users/tom/pico/pico-sdk/src/common/pico_sync/mutex.c.obj
 *fill*         0x0000000010007be9        0x3 
 .rodata.get_entry.str1.4
                0x0000000010007bec       0x59 CMakeFiles/Computer_HelloWorld.dir/Users/tom/pico/pico-sdk/src/common/pico_time/time.c.obj
 .rodata.update_us_since_boot.str1.4
                0x0000000010007c45       0x5f CMakeFiles/Computer_HelloWorld.dir/Users/tom/pico/pico-sdk/src/common/pico_time/time.c.obj
 *fill*         0x0000000010007c45        0x3 
 .rodata.ph_get_node.str1.4
                0x0000000010007c48       0x64 CMakeFiles/Computer_HelloWorld.dir/Users/tom/pico/pico-sdk/src/common/pico_time/time.c.obj
 .rodata.ph_add_child_node.str1.4
                0x0000000010007cac       0x2e CMakeFiles/Computer_HelloWorld.dir/Users/tom/pico/pico-sdk/src/common/pico_time/time.c.obj
 .rodata.ph_insert_node.str1.4
                0x0000000010007cda       0x2e CMakeFiles/Computer_HelloWorld.dir/Users/tom/pico/pico-sdk/src/common/pico_time/time.c.obj
                                          0x3 (size before relaxing)
 *fill*         0x0000000010007cda        0x2 
 .rodata.ph_free_node.str1.4
                0x0000000010007cdc       0x38 CMakeFiles/Computer_HelloWorld.dir/Users/tom/pico/pico-sdk/src/common/pico_time/time.c.obj
 .rodata.repeating_timer_callback.str1.4
                0x0000000010007d14       0x13 CMakeFiles/Computer_HelloWorld.dir/Users/tom/pico/pico-sdk/src/common/pico_time/time.c.obj
 *fill*         0x0000000010007d27        0x1 
 .rodata.add_alarm_under_lock.str1.4
                0x0000000010007d28       0x28 CMakeFiles/Computer_HelloWorld.dir/Users/tom/pico/pico-sdk/src/common/pico_time/time.c.obj
 .rodata.alarm_pool_alarm_callback.str1.4
                0x0000000010007d50       0x60 CMakeFiles/Computer_HelloWorld.dir/Users/tom/pico/pico-sdk/src/common/pico_time/time.c.obj
 .rodata.alarm_pool_get_default.str1.4
                0x0000000010007db0       0x21 CMakeFiles/Computer_HelloWorld.dir/Users/tom/pico/pico-sdk/src/common/pico_time/time.c.obj
 *fill*         0x0000000010007dd1        0x3 
 .rodata.alarm_pool_cancel_alarm.str1.4
                0x0000000010007dd4       0x27 CMakeFiles/Computer_HelloWorld.dir/Users/tom/pico/pico-sdk/src/common/pico_time/time.c.obj
 *fill*         0x0000000010007dfb        0x1 
 .rodata.sleep_until.str1.4
                0x0000000010007dfc       0x4d CMakeFiles/Computer_HelloWorld.dir/Users/tom/pico/pico-sdk/src/common/pico_time/time.c.obj
 *fill*         0x0000000010007e49        0x3 
 .rodata.__func__.0
                0x0000000010007e4c       0x19 CMakeFiles/Computer_HelloWorld.dir/Users/tom/pico/pico-sdk/src/common/pico_time/time.c.obj
 *fill*         0x0000000010007e65        0x3 
 .rodata.__func__.1
                0x0000000010007e68       0x18 CMakeFiles/Computer_HelloWorld.dir/Users/tom/pico/pico-sdk/src/common/pico_time/time.c.obj
 .rodata.__func__.3
                0x0000000010007e80       0x17 CMakeFiles/Computer_HelloWorld.dir/Users/tom/pico/pico-sdk/src/common/pico_time/time.c.obj
 *fill*         0x0000000010007e97        0x1 
 .rodata.__func__.4
                0x0000000010007e98       0x12 CMakeFiles/Computer_HelloWorld.dir/Users/tom/pico/pico-sdk/src/common/pico_time/time.c.obj
 *fill*         0x0000000010007eaa        0x2 
 .rodata.__func__.5
                0x0000000010007eac        0xd CMakeFiles/Computer_HelloWorld.dir/Users/tom/pico/pico-sdk/src/common/pico_time/time.c.obj
 *fill*         0x0000000010007eb9        0x3 
 .rodata.__func__.6
                0x0000000010007ebc       0x12 CMakeFiles/Computer_HelloWorld.dir/Users/tom/pico/pico-sdk/src/common/pico_time/time.c.obj
 *fill*         0x0000000010007ece        0x2 
 .rodata.__func__.7
                0x0000000010007ed0        0xf CMakeFiles/Computer_HelloWorld.dir/Users/tom/pico/pico-sdk/src/common/pico_time/time.c.obj
 *fill*         0x0000000010007edf        0x1 
 .rodata.__func__.8
                0x0000000010007ee0        0xc CMakeFiles/Computer_HelloWorld.dir/Users/tom/pico/pico-sdk/src/common/pico_time/time.c.obj
 .rodata.__func__.9
                0x0000000010007eec       0x15 CMakeFiles/Computer_HelloWorld.dir/Users/tom/pico/pico-sdk/src/common/pico_time/time.c.obj
 *fill*         0x0000000010007f01        0x3 
 .rodata.__func__.10
                0x0000000010007f04       0x15 CMakeFiles/Computer_HelloWorld.dir/Users/tom/pico/pico-sdk/src/common/pico_time/time.c.obj
 *fill*         0x0000000010007f19        0x3 
 .rodata.__func__.11
                0x0000000010007f1c       0x1a CMakeFiles/Computer_HelloWorld.dir/Users/tom/pico/pico-sdk/src/common/pico_time/time.c.obj
 *fill*         0x0000000010007f36        0x2 
 .rodata.__func__.12
                0x0000000010007f38        0xa CMakeFiles/Computer_HelloWorld.dir/Users/tom/pico/pico-sdk/src/common/pico_time/time.c.obj
 *fill*         0x0000000010007f42        0x2 
 .rodata.hardware_alarm_claim.str1.4
                0x0000000010007f44       0x22 CMakeFiles/Computer_HelloWorld.dir/Users/tom/pico/pico-sdk/src/rp2_common/hardware_timer/timer.c.obj
 *fill*         0x0000000010007f66        0x2 
 .rodata.hardware_alarm_set_target.str1.4
                0x0000000010007f68       0x63 CMakeFiles/Computer_HelloWorld.dir/Users/tom/pico/pico-sdk/src/rp2_common/hardware_timer/timer.c.obj
 *fill*         0x0000000010007fcb        0x1 
 .rodata.__func__.0
                0x0000000010007fcc       0x1a CMakeFiles/Computer_HelloWorld.dir/Users/tom/pico/pico-sdk/src/rp2_common/hardware_timer/timer.c.obj
 .rodata.ph_get_node.str1.4
                0x0000000010007fe6       0x64 CMakeFiles/Computer_HelloWorld.dir/Users/tom/pico/pico-sdk/src/common/pico_util/pheap.c.obj
 .rodata.ph_add_child_node.str1.4
                0x0000000010007fe6       0x2e CMakeFiles/Computer_HelloWorld.dir/Users/tom/pico/pico-sdk/src/common/pico_util/pheap.c.obj
 *fill*         0x0000000010007fe6        0x2 
 .rodata.ph_remove_any_head.str1.4
                0x0000000010007fe8       0x8c CMakeFiles/Computer_HelloWorld.dir/Users/tom/pico/pico-sdk/src/common/pico_util/pheap.c.obj
                                         0xa0 (size before relaxing)
 .rodata.ph_remove_and_free_node.str1.4
                0x0000000010008074       0x1e CMakeFiles/Computer_HelloWorld.dir/Users/tom/pico/pico-sdk/src/common/pico_util/pheap.c.obj
                                         0x26 (size before relaxing)
 *fill*         0x0000000010008092        0x2 
 .rodata.__func__.0
                0x0000000010008094       0x18 CMakeFiles/Computer_HelloWorld.dir/Users/tom/pico/pico-sdk/src/common/pico_util/pheap.c.obj
 .rodata.__func__.1
                0x00000000100080ac       0x13 CMakeFiles/Computer_HelloWorld.dir/Users/tom/pico/pico-sdk/src/common/pico_util/pheap.c.obj
 *fill*         0x00000000100080bf        0x1 
 .rodata.__func__.2
                0x00000000100080c0       0x12 CMakeFiles/Computer_HelloWorld.dir/Users/tom/pico/pico-sdk/src/common/pico_util/pheap.c.obj
 *fill*         0x00000000100080d2        0x2 
 .rodata.__func__.3
                0x00000000100080d4        0xc CMakeFiles/Computer_HelloWorld.dir/Users/tom/pico/pico-sdk/src/common/pico_util/pheap.c.obj
 .rodata.clock_configure.str1.4
                0x00000000100080e0       0x55 CMakeFiles/Computer_HelloWorld.dir/Users/tom/pico/pico-sdk/src/rp2_common/hardware_clocks/clocks.c.obj
 *fill*         0x0000000010008135        0x3 
 .rodata.__func__.1
                0x0000000010008138       0x10 CMakeFiles/Computer_HelloWorld.dir/Users/tom/pico/pico-sdk/src/rp2_common/hardware_clocks/clocks.c.obj
 .rodata.pll_init.str1.4
                0x0000000010008148      0x11f CMakeFiles/Computer_HelloWorld.dir/Users/tom/pico/pico-sdk/src/rp2_common/hardware_pll/pll.c.obj
 *fill*         0x0000000010008267        0x1 
 .rodata.__func__.0
                0x0000000010008268        0x9 CMakeFiles/Computer_HelloWorld.dir/Users/tom/pico/pico-sdk/src/rp2_common/hardware_pll/pll.c.obj
 *fill*         0x0000000010008271        0x3 
 .rodata.__assert_func.str1.4
                0x0000000010008274       0x3f CMakeFiles/Computer_HelloWorld.dir/Users/tom/pico/pico-sdk/src/rp2_common/pico_runtime/runtime.c.obj
                                         0x43 (size before relaxing)
 *fill*         0x00000000100082b3        0x1 
 .rodata.runtime_init.str1.4
                0x00000000100082b4       0x5f CMakeFiles/Computer_HelloWorld.dir/Users/tom/pico/pico-sdk/src/rp2_common/pico_runtime/runtime.c.obj
 *fill*         0x0000000010008313        0x1 
 .rodata.panic.str1.4
                0x0000000010008314       0x12 CMakeFiles/Computer_HelloWorld.dir/Users/tom/pico/pico-sdk/src/rp2_common/pico_runtime/runtime.c.obj
 *fill*         0x0000000010008326        0x2 
 .rodata.__func__.2
                0x0000000010008328        0xd CMakeFiles/Computer_HelloWorld.dir/Users/tom/pico/pico-sdk/src/rp2_common/pico_runtime/runtime.c.obj
 *fill*         0x0000000010008335        0x3 
 .rodata._ftoa.str1.4
                0x0000000010008338       0x15 CMakeFiles/Computer_HelloWorld.dir/Users/tom/pico/pico-sdk/src/rp2_common/pico_printf/printf.c.obj
 *fill*         0x000000001000834d        0x3 
 .rodata._vsnprintf
                0x0000000010008350      0x19c CMakeFiles/Computer_HelloWorld.dir/Users/tom/pico/pico-sdk/src/rp2_common/pico_printf/printf.c.obj
 *fill*         0x00000000100084ec        0x4 
 .rodata.pow10.0
                0x00000000100084f0       0x50 CMakeFiles/Computer_HelloWorld.dir/Users/tom/pico/pico-sdk/src/rp2_common/pico_printf/printf.c.obj
 .rodata.__aeabi_double_init.str1.4
                0x0000000010008540       0xa6 CMakeFiles/Computer_HelloWorld.dir/Users/tom/pico/pico-sdk/src/rp2_common/pico_double/double_init_rom.c.obj
 *fill*         0x00000000100085e6        0x2 
 .rodata.__func__.0
                0x00000000100085e8       0x14 CMakeFiles/Computer_HelloWorld.dir/Users/tom/pico/pico-sdk/src/rp2_common/pico_double/double_init_rom.c.obj
 .rodata.__aeabi_float_init.str1.4
                0x00000000100085fc       0x78 CMakeFiles/Computer_HelloWorld.dir/Users/tom/pico/pico-sdk/src/rp2_common/pico_float/float_init_rom.c.obj
                                         0x7c (size before relaxing)
 .rodata.__func__.0
                0x0000000010008674       0x13 CMakeFiles/Computer_HelloWorld.dir/Users/tom/pico/pico-sdk/src/rp2_common/pico_float/float_init_rom.c.obj
 *fill*         0x0000000010008687        0x1 
 .rodata.str1.4
                0x0000000010008688       0x4c CMakeFiles/Computer_HelloWorld.dir/Users/tom/pico/pico-sdk/src/rp2_common/pico_standard_link/binary_info.c.obj
 .rodata.__bi_81
                0x00000000100086d4        0xc CMakeFiles/Computer_HelloWorld.dir/Users/tom/pico/pico-sdk/src/rp2_common/pico_standard_link/binary_info.c.obj
 .rodata.__bi_75
                0x00000000100086e0        0xc CMakeFiles/Computer_HelloWorld.dir/Users/tom/pico/pico-sdk/src/rp2_common/pico_standard_link/binary_info.c.obj
 .rodata.__bi_56
                0x00000000100086ec        0xc CMakeFiles/Computer_HelloWorld.dir/Users/tom/pico/pico-sdk/src/rp2_common/pico_standard_link/binary_info.c.obj
 .rodata.__bi_44
                0x00000000100086f8        0xc CMakeFiles/Computer_HelloWorld.dir/Users/tom/pico/pico-sdk/src/rp2_common/pico_standard_link/binary_info.c.obj
 .rodata.update_us_since_boot.str1.4
                0x0000000010008704       0x5f CMakeFiles/Computer_HelloWorld.dir/Users/tom/pico/pico-sdk/src/rp2_common/pico_stdio/stdio.c.obj
 .rodata.crlf_str.2
                0x0000000010008704        0x2 CMakeFiles/Computer_HelloWorld.dir/Users/tom/pico/pico-sdk/src/rp2_common/pico_stdio/stdio.c.obj
 *fill*         0x0000000010008706        0x2 
 .rodata.__func__.3
                0x0000000010008708       0x15 CMakeFiles/Computer_HelloWorld.dir/Users/tom/pico/pico-sdk/src/rp2_common/pico_stdio/stdio.c.obj
 *fill*         0x000000001000871d        0x3 
 .rodata._resetd_driver
                0x0000000010008720       0x18 CMakeFiles/Computer_HelloWorld.dir/Users/tom/pico/pico-sdk/src/rp2_common/pico_stdio_usb/reset_interface.c.obj
 .rodata.update_us_since_boot.str1.4
                0x0000000010008738       0x5f CMakeFiles/Computer_HelloWorld.dir/Users/tom/pico/pico-sdk/src/rp2_common/pico_stdio_usb/stdio_usb.c.obj
 .rodata.stdio_usb_init.str1.4
                0x0000000010008738       0x43 CMakeFiles/Computer_HelloWorld.dir/Users/tom/pico/pico-sdk/src/rp2_common/pico_stdio_usb/stdio_usb.c.obj
                                         0x4b (size before relaxing)
 *fill*         0x000000001000877b        0x1 
 .rodata.str1.4
                0x000000001000877c       0x13 CMakeFiles/Computer_HelloWorld.dir/Users/tom/pico/pico-sdk/src/rp2_common/pico_stdio_usb/stdio_usb.c.obj
 *fill*         0x000000001000878f        0x1 
 .rodata.__bi_188.0
                0x0000000010008790        0xc CMakeFiles/Computer_HelloWorld.dir/Users/tom/pico/pico-sdk/src/rp2_common/pico_stdio_usb/stdio_usb.c.obj
 .rodata.__func__.1
                0x000000001000879c        0xf CMakeFiles/Computer_HelloWorld.dir/Users/tom/pico/pico-sdk/src/rp2_common/pico_stdio_usb/stdio_usb.c.obj
 *fill*         0x00000000100087ab        0x1 
 .rodata.__func__.3
                0x00000000100087ac       0x15 CMakeFiles/Computer_HelloWorld.dir/Users/tom/pico/pico-sdk/src/rp2_common/pico_stdio_usb/stdio_usb.c.obj
 *fill*         0x00000000100087c1        0x3 
 .rodata.str1.4
                0x00000000100087c4       0x2a CMakeFiles/Computer_HelloWorld.dir/Users/tom/pico/pico-sdk/src/rp2_common/pico_stdio_usb/stdio_usb_descriptors.c.obj
 *fill*         0x00000000100087ee        0x2 
 .rodata.usbd_desc_str
                0x00000000100087f0       0x18 CMakeFiles/Computer_HelloWorld.dir/Users/tom/pico/pico-sdk/src/rp2_common/pico_stdio_usb/stdio_usb_descriptors.c.obj
 .rodata.usbd_desc_cfg
                0x0000000010008808       0x54 CMakeFiles/Computer_HelloWorld.dir/Users/tom/pico/pico-sdk/src/rp2_common/pico_stdio_usb/stdio_usb_descriptors.c.obj
 .rodata.usbd_desc_device
                0x000000001000885c       0x12 CMakeFiles/Computer_HelloWorld.dir/Users/tom/pico/pico-sdk/src/rp2_common/pico_stdio_usb/stdio_usb_descriptors.c.obj
 *fill*         0x000000001000886e        0x2 
 .rodata.pico_get_unique_board_id_string.str1.4
                0x0000000010008870       0x4b CMakeFiles/Computer_HelloWorld.dir/Users/tom/pico/pico-sdk/src/rp2_common/pico_unique_id/unique_id.c.obj
 *fill*         0x00000000100088bb        0x1 
 .rodata.__func__.0
                0x00000000100088bc       0x20 CMakeFiles/Computer_HelloWorld.dir/Users/tom/pico/pico-sdk/src/rp2_common/pico_unique_id/unique_id.c.obj
 .rodata.str1.4
                0x00000000100088dc      0x156 CMakeFiles/Computer_HelloWorld.dir/Users/tom/pico/pico-sdk/src/rp2_common/hardware_flash/flash.c.obj
 *fill*         0x0000000010008a32        0x2 
 .rodata.__func__.0
                0x0000000010008a34        0xd CMakeFiles/Computer_HelloWorld.dir/Users/tom/pico/pico-sdk/src/rp2_common/hardware_flash/flash.c.obj
 *fill*         0x0000000010008a41        0x3 
 .rodata._hw_endpoint_alloc.str1.4
                0x0000000010008a44       0xb5 CMakeFiles/Computer_HelloWorld.dir/Users/tom/pico/pico-sdk/lib/tinyusb/src/portable/raspberrypi/rp2040/dcd_rp2040.c.obj
 *fill*         0x0000000010008af9        0x3 
 .rodata.str1.4
                0x0000000010008afc       0x14 CMakeFiles/Computer_HelloWorld.dir/Users/tom/pico/pico-sdk/lib/tinyusb/src/portable/raspberrypi/rp2040/dcd_rp2040.c.obj
 .rodata.dcd_int_enable.str1.4
                0x0000000010008b10        0xc CMakeFiles/Computer_HelloWorld.dir/Users/tom/pico/pico-sdk/lib/tinyusb/src/portable/raspberrypi/rp2040/dcd_rp2040.c.obj
 .rodata.__func__.0
                0x0000000010008b1c        0xe CMakeFiles/Computer_HelloWorld.dir/Users/tom/pico/pico-sdk/lib/tinyusb/src/portable/raspberrypi/rp2040/dcd_rp2040.c.obj
 *fill*         0x0000000010008b2a        0x2 
 .rodata.__func__.1
                0x0000000010008b2c        0xe CMakeFiles/Computer_HelloWorld.dir/Users/tom/pico/pico-sdk/lib/tinyusb/src/portable/raspberrypi/rp2040/dcd_rp2040.c.obj
 *fill*         0x0000000010008b3a        0x2 
 .rodata.__func__.3
                0x0000000010008b3c       0x10 CMakeFiles/Computer_HelloWorld.dir/Users/tom/pico/pico-sdk/lib/tinyusb/src/portable/raspberrypi/rp2040/dcd_rp2040.c.obj
 .rodata.__func__.5